Archive member included to satisfy reference by file (symbol)

/home/deh/launchpad/gcc-arm-none-eabi-5_4-2016q3/bin/../lib/gcc/arm-none-eabi/5.4.1/../../../../arm-none-eabi/lib/armv7-m/libc.a(lib_a-calloc.o)
                              build/SerialTaskSend.o (calloc)
/home/deh/launchpad/gcc-arm-none-eabi-5_4-2016q3/bin/../lib/gcc/arm-none-eabi/5.4.1/../../../../arm-none-eabi/lib/armv7-m/libc.a(lib_a-callocr.o)
                              /home/deh/launchpad/gcc-arm-none-eabi-5_4-2016q3/bin/../lib/gcc/arm-none-eabi/5.4.1/../../../../arm-none-eabi/lib/armv7-m/libc.a(lib_a-calloc.o) (_calloc_r)
/home/deh/launchpad/gcc-arm-none-eabi-5_4-2016q3/bin/../lib/gcc/arm-none-eabi/5.4.1/../../../../arm-none-eabi/lib/armv7-m/libc.a(lib_a-exit.o)
                              /home/deh/launchpad/gcc-arm-none-eabi-5_4-2016q3/bin/../lib/gcc/arm-none-eabi/5.4.1/../../../../arm-none-eabi/lib/armv7-m/crt0.o (exit)
/home/deh/launchpad/gcc-arm-none-eabi-5_4-2016q3/bin/../lib/gcc/arm-none-eabi/5.4.1/../../../../arm-none-eabi/lib/armv7-m/libc.a(lib_a-impure.o)
                              /home/deh/launchpad/gcc-arm-none-eabi-5_4-2016q3/bin/../lib/gcc/arm-none-eabi/5.4.1/../../../../arm-none-eabi/lib/armv7-m/libc.a(lib_a-exit.o) (_global_impure_ptr)
/home/deh/launchpad/gcc-arm-none-eabi-5_4-2016q3/bin/../lib/gcc/arm-none-eabi/5.4.1/../../../../arm-none-eabi/lib/armv7-m/libc.a(lib_a-init.o)
                              /home/deh/launchpad/gcc-arm-none-eabi-5_4-2016q3/bin/../lib/gcc/arm-none-eabi/5.4.1/../../../../arm-none-eabi/lib/armv7-m/crt0.o (__libc_init_array)
/home/deh/launchpad/gcc-arm-none-eabi-5_4-2016q3/bin/../lib/gcc/arm-none-eabi/5.4.1/../../../../arm-none-eabi/lib/armv7-m/libc.a(lib_a-mallocr.o)
                              /home/deh/launchpad/gcc-arm-none-eabi-5_4-2016q3/bin/../lib/gcc/arm-none-eabi/5.4.1/../../../../arm-none-eabi/lib/armv7-m/libc.a(lib_a-callocr.o) (_malloc_r)
/home/deh/launchpad/gcc-arm-none-eabi-5_4-2016q3/bin/../lib/gcc/arm-none-eabi/5.4.1/../../../../arm-none-eabi/lib/armv7-m/libc.a(lib_a-memcpy.o)
                              build/queue.o (memcpy)
/home/deh/launchpad/gcc-arm-none-eabi-5_4-2016q3/bin/../lib/gcc/arm-none-eabi/5.4.1/../../../../arm-none-eabi/lib/armv7-m/libc.a(lib_a-memset.o)
                              /home/deh/launchpad/gcc-arm-none-eabi-5_4-2016q3/bin/../lib/gcc/arm-none-eabi/5.4.1/../../../../arm-none-eabi/lib/armv7-m/crt0.o (memset)
/home/deh/launchpad/gcc-arm-none-eabi-5_4-2016q3/bin/../lib/gcc/arm-none-eabi/5.4.1/../../../../arm-none-eabi/lib/armv7-m/libc.a(lib_a-mlock.o)
                              /home/deh/launchpad/gcc-arm-none-eabi-5_4-2016q3/bin/../lib/gcc/arm-none-eabi/5.4.1/../../../../arm-none-eabi/lib/armv7-m/libc.a(lib_a-mallocr.o) (__malloc_lock)
/home/deh/launchpad/gcc-arm-none-eabi-5_4-2016q3/bin/../lib/gcc/arm-none-eabi/5.4.1/../../../../arm-none-eabi/lib/armv7-m/libc.a(lib_a-sbrkr.o)
                              /home/deh/launchpad/gcc-arm-none-eabi-5_4-2016q3/bin/../lib/gcc/arm-none-eabi/5.4.1/../../../../arm-none-eabi/lib/armv7-m/libc.a(lib_a-mallocr.o) (_sbrk_r)
/home/deh/launchpad/gcc-arm-none-eabi-5_4-2016q3/bin/../lib/gcc/arm-none-eabi/5.4.1/../../../../arm-none-eabi/lib/armv7-m/libc.a(lib_a-strlen-stub.o)
                              build/tasks.o (strlen)
/home/deh/launchpad/gcc-arm-none-eabi-5_4-2016q3/bin/../lib/gcc/arm-none-eabi/5.4.1/../../../../arm-none-eabi/lib/armv7-m/libc.a(lib_a-strncpy.o)
                              build/yprintf.o (strncpy)
/home/deh/launchpad/gcc-arm-none-eabi-5_4-2016q3/bin/../lib/gcc/arm-none-eabi/5.4.1/../../../../arm-none-eabi/lib/armv7-m/libc.a(lib_a-vsnprintf.o)
                              build/yprintf.o (vsnprintf)
/home/deh/launchpad/gcc-arm-none-eabi-5_4-2016q3/bin/../lib/gcc/arm-none-eabi/5.4.1/../../../../arm-none-eabi/lib/armv7-m/libc.a(lib_a-__call_atexit.o)
                              /home/deh/launchpad/gcc-arm-none-eabi-5_4-2016q3/bin/../lib/gcc/arm-none-eabi/5.4.1/../../../../arm-none-eabi/lib/armv7-m/libc.a(lib_a-exit.o) (__call_exitprocs)
/home/deh/launchpad/gcc-arm-none-eabi-5_4-2016q3/bin/../lib/gcc/arm-none-eabi/5.4.1/../../../../arm-none-eabi/lib/armv7-m/libc.a(lib_a-atexit.o)
                              /home/deh/launchpad/gcc-arm-none-eabi-5_4-2016q3/bin/../lib/gcc/arm-none-eabi/5.4.1/../../../../arm-none-eabi/lib/armv7-m/libc.a(lib_a-__call_atexit.o) (atexit)
/home/deh/launchpad/gcc-arm-none-eabi-5_4-2016q3/bin/../lib/gcc/arm-none-eabi/5.4.1/../../../../arm-none-eabi/lib/armv7-m/libc.a(lib_a-fini.o)
                              /home/deh/launchpad/gcc-arm-none-eabi-5_4-2016q3/bin/../lib/gcc/arm-none-eabi/5.4.1/../../../../arm-none-eabi/lib/armv7-m/libc.a(lib_a-__call_atexit.o) (__libc_fini_array)
/home/deh/launchpad/gcc-arm-none-eabi-5_4-2016q3/bin/../lib/gcc/arm-none-eabi/5.4.1/../../../../arm-none-eabi/lib/armv7-m/libc.a(lib_a-freer.o)
[...]
Memory Configuration

Name             Origin             Length             Attributes
RAM              0x20000000         0x00005000         xrw
FLASH            0x08000000         0x00010000         xr
*default*        0x00000000         0xffffffff

Linker script and memory map

LOAD /home/deh/launchpad/gcc-arm-none-eabi-5_4-2016q3/bin/../lib/gcc/arm-none-eabi/5.4.1/armv7-m/crti.o
LOAD /home/deh/launchpad/gcc-arm-none-eabi-5_4-2016q3/bin/../lib/gcc/arm-none-eabi/5.4.1/armv7-m/crtbegin.o
LOAD /home/deh/launchpad/gcc-arm-none-eabi-5_4-2016q3/bin/../lib/gcc/arm-none-eabi/5.4.1/../../../../arm-none-eabi/lib/armv7-m/crt0.o
LOAD build/main.o
LOAD build/stm32f1xx_it.o
LOAD build/stm32f1xx_hal_msp.o
LOAD build/stm32f1xx_hal_gpio_ex.o
LOAD build/stm32f1xx_hal_tim.o
LOAD build/stm32f1xx_hal_tim_ex.o
LOAD build/stm32f1xx_hal.o
LOAD build/stm32f1xx_hal_rcc.o
LOAD build/stm32f1xx_hal_rcc_ex.o
LOAD build/stm32f1xx_hal_gpio.o
LOAD build/stm32f1xx_hal_dma.o
LOAD build/stm32f1xx_hal_cortex.o
LOAD build/stm32f1xx_hal_pwr.o
LOAD build/stm32f1xx_hal_flash.o
LOAD build/stm32f1xx_hal_flash_ex.o
LOAD build/system_stm32f1xx.o
LOAD build/freertos.o
LOAD build/stm32f1xx_hal_timebase_tim.o
LOAD build/stm32f1xx_hal_adc.o
LOAD build/stm32f1xx_hal_adc_ex.o
LOAD build/stm32f1xx_hal_can.o
LOAD build/stm32f1xx_hal_uart.o
LOAD build/croutine.o
LOAD build/event_groups.o
LOAD build/list.o
LOAD build/queue.o
LOAD build/tasks.o
LOAD build/timers.o
LOAD build/cmsis_os.o
LOAD build/heap_4.o
LOAD build/port.o
LOAD build/SerialTaskSend.o
LOAD build/DTW_counter.o
LOAD build/CanTask.o
LOAD build/can_iface.o
LOAD build/canfilter_setup.o
LOAD build/getserialbuf.o
LOAD build/yprintf.o
LOAD build/SerialTaskReceive.o
LOAD build/morse.o
LOAD build/payload_extract.o
LOAD build/MailboxTask.o
LOAD build/adctask.o
LOAD build/ADCTask.o
LOAD build/hexbin.o
LOAD build/stackwatermark.o
LOAD build/adcfastsum16.o
LOAD build/adc_idx_v_struct.o
LOAD build/adcparams.o
LOAD build/adcparamsinit.o
LOAD build/contactor_cmd_msg.o
LOAD build/ContactorEvents.o
LOAD build/contactor_func_init.o
LOAD build/contactor_hv.o
LOAD build/contactor_idx_v_struct.o
LOAD build/contactor_msgs.o
LOAD build/ContactorStates.o
LOAD build/ContactorTask.o
LOAD build/ContactorUpdates.o
LOAD build/iir_filter_lx.o
LOAD build/adcextendsum.o
LOAD build/cic_filter_l_N2_M3.o
LOAD build/cic_computation.o
LOAD build/startup_stm32f103xb.o
LOAD /home/deh/launchpad/gcc-arm-none-eabi-5_4-2016q3/bin/../lib/gcc/arm-none-eabi/5.4.1/../../../../arm-none-eabi/lib/armv7-m/libc.a
LOAD /home/deh/launchpad/gcc-arm-none-eabi-5_4-2016q3/bin/../lib/gcc/arm-none-eabi/5.4.1/../../../../arm-none-eabi/lib/armv7-m/libm.a
LOAD /home/deh/launchpad/gcc-arm-none-eabi-5_4-2016q3/bin/../lib/gcc/arm-none-eabi/5.4.1/../../../../arm-none-eabi/lib/armv7-m/libnosys.a
START GROUP
LOAD /home/deh/launchpad/gcc-arm-none-eabi-5_4-2016q3/bin/../lib/gcc/arm-none-eabi/5.4.1/armv7-m/libgcc.a
LOAD /home/deh/launchpad/gcc-arm-none-eabi-5_4-2016q3/bin/../lib/gcc/arm-none-eabi/5.4.1/../../../../arm-none-eabi/lib/armv7-m/libc.a
END GROUP
LOAD /home/deh/launchpad/gcc-arm-none-eabi-5_4-2016q3/bin/../lib/gcc/arm-none-eabi/5.4.1/armv7-m/crtend.o
LOAD /home/deh/launchpad/gcc-arm-none-eabi-5_4-2016q3/bin/../lib/gcc/arm-none-eabi/5.4.1/armv7-m/crtn.o
                0x20005000                _estack = 0x20005000
                0x00000200                _Min_Heap_Size = 0x200
                0x00000400                _Min_Stack_Size = 0x400

.isr_vector     0x08000000      0x10c
                0x08000000                . = ALIGN (0x4)
 *(.isr_vector)
 .isr_vector    0x08000000      0x10c build/startup_stm32f103xb.o
                0x08000000                g_pfnVectors
                0x0800010c                . = ALIGN (0x4)

.text           0x08000110     0xe328
                0x08000110                . = ALIGN (0x4)
 *(.text)
 .text          0x08000110       0x5c /home/deh/launchpad/gcc-arm-none-eabi-5_4-2016q3/bin/../lib/gcc/arm-none-eabi/5.4.1/armv7-m/crtbegin.o
 .text          0x0800016c       0xec /home/deh/launchpad/gcc-arm-none-eabi-5_4-2016q3/bin/../lib/gcc/arm-none-eabi/5.4.1/../../../../arm-none-eabi/lib/armv7-m/libc.a(lib_a-memcpy.o)
                0x0800016c                memcpy
 .text          0x08000258      0x370 /home/deh/launchpad/gcc-arm-none-eabi-5_4-2016q3/bin/../lib/gcc/arm-none-eabi/5.4.1/armv7-m/libgcc.a(_arm_addsubdf3.o)
                0x08000258                __aeabi_drsub
                0x08000260                __aeabi_dsub
                0x08000260                __subdf3
                0x08000264                __adddf3
                0x08000264                __aeabi_dadd
                0x080004dc                __aeabi_ui2d
                0x080004dc                __floatunsidf
                0x080004fc                __floatsidf
                0x080004fc                __aeabi_i2d
                0x08000520                __extendsfdf2
                0x08000520                __aeabi_f2d
                0x0800055c                __aeabi_ul2d
                0x0800055c                __floatundidf
                0x0800056c                __floatdidf
                0x0800056c                __aeabi_l2d
 .text          0x080005c8      0x424 /home/deh/launchpad/gcc-arm-none-eabi-5_4-2016q3/bin/../lib/gcc/arm-none-eabi/5.4.1/armv7-m/libgcc.a(_arm_muldivdf3.o)
                0x080005c8                __aeabi_dmul
                0x080005c8                __muldf3
                0x0800081c                __aeabi_ddiv
                0x0800081c                __divdf3
 .text          0x080009ec      0x110 /home/deh/launchpad/gcc-arm-none-eabi-5_4-2016q3/bin/../lib/gcc/arm-none-eabi/5.4.1/armv7-m/libgcc.a(_arm_cmpdf2.o)
                0x080009ec                __gtdf2
                0x080009ec                __gedf2
                0x080009f4                __ltdf2
                0x080009f4                __ledf2
                0x080009fc                __cmpdf2
                0x080009fc                __eqdf2
                0x080009fc                __nedf2
                0x08000a78                __aeabi_cdrcmple
                0x08000a88                __aeabi_cdcmple
                0x08000a88                __aeabi_cdcmpeq
                0x08000a98                __aeabi_dcmpeq
                0x08000aac                __aeabi_dcmplt
                0x08000ac0                __aeabi_dcmple
                0x08000ad4                __aeabi_dcmpge
                0x08000ae8                __aeabi_dcmpgt
 .text          0x08000afc       0x2c /home/deh/launchpad/gcc-arm-none-eabi-5_4-2016q3/bin/../lib/gcc/arm-none-eabi/5.4.1/armv7-m/libgcc.a(_arm_unorddf2.o)
                0x08000afc                __aeabi_dcmpun
                0x08000afc                __unorddf2
 .text          0x08000b28       0x50 /home/deh/launchpad/gcc-arm-none-eabi-5_4-2016q3/bin/../lib/gcc/arm-none-eabi/5.4.1/armv7-m/libgcc.a(_arm_fixdfsi.o)
                0x08000b28                __fixdfsi
                0x08000b28                __aeabi_d2iz
 .text          0x08000b78       0x40 /home/deh/launchpad/gcc-arm-none-eabi-5_4-2016q3/bin/../lib/gcc/arm-none-eabi/5.4.1/armv7-m/libgcc.a(_arm_fixunsdfsi.o)
                0x08000b78                __fixunsdfsi
                0x08000b78                __aeabi_d2uiz
 .text          0x08000bb8       0xa0 /home/deh/launchpad/gcc-arm-none-eabi-5_4-2016q3/bin/../lib/gcc/arm-none-eabi/5.4.1/armv7-m/libgcc.a(_arm_truncdfsf2.o)
                0x08000bb8                __aeabi_d2f
                0x08000bb8                __truncdfsf2
 .text          0x08000c58      0x21c /home/deh/launchpad/gcc-arm-none-eabi-5_4-2016q3/bin/../lib/gcc/arm-none-eabi/5.4.1/armv7-m/libgcc.a(_arm_addsubsf3.o)
                0x08000c58                __aeabi_frsub
                0x08000c60                __subsf3
                0x08000c60                __aeabi_fsub
                0x08000c64                __aeabi_fadd
                0x08000c64                __addsf3
                0x08000dc4                __aeabi_ui2f
                0x08000dc4                __floatunsisf
                0x08000dcc                __aeabi_i2f
                0x08000dcc                __floatsisf
                0x08000de8                __floatundisf
                0x08000de8                __aeabi_ul2f
                0x08000df8                __floatdisf
                0x08000df8                __aeabi_l2f
 .text          0x08000e74       0x30 /home/deh/launchpad/gcc-arm-none-eabi-5_4-2016q3/bin/../lib/gcc/arm-none-eabi/5.4.1/armv7-m/libgcc.a(_aeabi_uldivmod.o)
                0x08000e74                __aeabi_uldivmod
 .text          0x08000ea4      0x2ec /home/deh/launchpad/gcc-arm-none-eabi-5_4-2016q3/bin/../lib/gcc/arm-none-eabi/5.4.1/armv7-m/libgcc.a(_udivmoddi4.o)
                0x08000ea4                __udivmoddi4
 .text          0x08001190        0x4 /home/deh/launchpad/gcc-arm-none-eabi-5_4-2016q3/bin/../lib/gcc/arm-none-eabi/5.4.1/armv7-m/libgcc.a(_dvmd_tls.o)
                0x08001190                __aeabi_ldiv0
                0x08001190                __aeabi_idiv0
 *(.text*)
 .text.MX_GPIO_Init
                0x08001194       0xcc build/main.o
 .text.MX_DMA_Init
                0x08001260       0x54 build/main.o
 *fill*         0x080012b4        0x4 
 .text.StartDefaultTask
                0x080012b8      0x5cc build/main.o
                0x080012b8                StartDefaultTask
 .text.HAL_TIM_PeriodElapsedCallback
                0x08001884       0x10 build/main.o
                0x08001884                HAL_TIM_PeriodElapsedCallback
 .text.Error_Handler
                0x08001894       0x10 build/main.o
                0x08001894                Error_Handler
 .text.MX_CAN_Init
                0x080018a4       0x50 build/main.o
 .text.MX_USART3_UART_Init
                0x080018f4       0x40 build/main.o
 .text.MX_USART1_UART_Init
                0x08001934       0x40 build/main.o
 .text.MX_ADC1_Init
                0x08001974       0xdc build/main.o
 .text.MX_TIM4_Init
                0x08001a50       0xb0 build/main.o
 .text.MX_TIM1_Init
                0x08001b00      0x110 build/main.o
 .text.MX_TIM3_Init
                0x08001c10       0xb4 build/main.o
 .text.SystemClock_Config
                0x08001cc4       0x84 build/main.o
                0x08001cc4                SystemClock_Config
 .text.main     0x08001d48      0x178 build/main.o
                0x08001d48                main
 .text.NMI_Handler
                0x08001ec0        0x4 build/stm32f1xx_it.o
                0x08001ec0                NMI_Handler
 .text.HardFault_Handler
                0x08001ec4        0x4 build/stm32f1xx_it.o
                0x08001ec4                HardFault_Handler
 .text.MemManage_Handler
                0x08001ec8        0x4 build/stm32f1xx_it.o
                0x08001ec8                MemManage_Handler
 .text.BusFault_Handler
                0x08001ecc        0x4 build/stm32f1xx_it.o
                0x08001ecc                BusFault_Handler
 .text.UsageFault_Handler
                0x08001ed0        0x4 build/stm32f1xx_it.o
                0x08001ed0                UsageFault_Handler
 .text.DebugMon_Handler
                0x08001ed4        0x4 build/stm32f1xx_it.o
                0x08001ed4                DebugMon_Handler
 .text.DMA1_Channel1_IRQHandler
                0x08001ed8       0x10 build/stm32f1xx_it.o
                0x08001ed8                DMA1_Channel1_IRQHandler
 .text.DMA1_Channel4_IRQHandler
                0x08001ee8       0x10 build/stm32f1xx_it.o
                0x08001ee8                DMA1_Channel4_IRQHandler
 .text.DMA1_Channel5_IRQHandler
                0x08001ef8       0x10 build/stm32f1xx_it.o
                0x08001ef8                DMA1_Channel5_IRQHandler
 .text.USB_HP_CAN1_TX_IRQHandler
                0x08001f08       0x10 build/stm32f1xx_it.o
                0x08001f08                USB_HP_CAN1_TX_IRQHandler
 .text.USB_LP_CAN1_RX0_IRQHandler
                0x08001f18       0x10 build/stm32f1xx_it.o
                0x08001f18                USB_LP_CAN1_RX0_IRQHandler
 .text.CAN1_RX1_IRQHandler
                0x08001f28       0x10 build/stm32f1xx_it.o
                0x08001f28                CAN1_RX1_IRQHandler
 .text.TIM2_IRQHandler
                0x08001f38       0x10 build/stm32f1xx_it.o
                0x08001f38                TIM2_IRQHandler
 .text.USART1_IRQHandler
                0x08001f48       0x10 build/stm32f1xx_it.o
                0x08001f48                USART1_IRQHandler
 .text.USART3_IRQHandler
                0x08001f58       0x10 build/stm32f1xx_it.o
                0x08001f58                USART3_IRQHandler
 .text.HAL_MspInit
                0x08001f68       0x54 build/stm32f1xx_hal_msp.o
                0x08001f68                HAL_MspInit
 .text.HAL_ADC_MspInit
                0x08001fbc       0x98 build/stm32f1xx_hal_msp.o
                0x08001fbc                HAL_ADC_MspInit
 .text.HAL_CAN_MspInit
                0x08002054       0xa4 build/stm32f1xx_hal_msp.o
                0x08002054                HAL_CAN_MspInit
 .text.HAL_TIM_Base_MspInit
                0x080020f8       0x6c build/stm32f1xx_hal_msp.o
                0x080020f8                HAL_TIM_Base_MspInit
 .text.HAL_TIM_MspPostInit
                0x08002164       0x98 build/stm32f1xx_hal_msp.o
                0x08002164                HAL_TIM_MspPostInit
 .text.HAL_UART_MspInit
                0x080021fc      0x160 build/stm32f1xx_hal_msp.o
                0x080021fc                HAL_UART_MspInit
 .text.TIM_OC1_SetConfig
                0x0800235c       0x58 build/stm32f1xx_hal_tim.o
 .text.TIM_OC3_SetConfig
                0x080023b4       0x60 build/stm32f1xx_hal_tim.o
 .text.TIM_OC4_SetConfig
                0x08002414       0x48 build/stm32f1xx_hal_tim.o
 .text.TIM_TI1_ConfigInputStage
                0x0800245c       0x24 build/stm32f1xx_hal_tim.o
 .text.TIM_TI2_ConfigInputStage
                0x08002480       0x28 build/stm32f1xx_hal_tim.o
 .text.TIM_ITRx_SetConfig
                0x080024a8       0x10 build/stm32f1xx_hal_tim.o
 .text.TIM_ETR_SetConfig
                0x080024b8       0x18 build/stm32f1xx_hal_tim.o
 .text.HAL_TIM_Base_Start_IT
                0x080024d0       0x18 build/stm32f1xx_hal_tim.o
                0x080024d0                HAL_TIM_Base_Start_IT
 .text.HAL_TIM_OC_MspInit
                0x080024e8        0x4 build/stm32f1xx_hal_tim.o
                0x080024e8                HAL_TIM_OC_MspInit
 .text.HAL_TIM_PWM_MspInit
                0x080024ec        0x4 build/stm32f1xx_hal_tim.o
                0x080024ec                HAL_TIM_PWM_MspInit
 .text.HAL_TIM_ConfigClockSource
                0x080024f0      0x114 build/stm32f1xx_hal_tim.o
                0x080024f0                HAL_TIM_ConfigClockSource
 .text.HAL_TIM_OC_DelayElapsedCallback
                0x08002604        0x4 build/stm32f1xx_hal_tim.o
                0x08002604                HAL_TIM_OC_DelayElapsedCallback
 .text.HAL_TIM_IC_CaptureCallback
                0x08002608        0x4 build/stm32f1xx_hal_tim.o
                0x08002608                HAL_TIM_IC_CaptureCallback
 .text.HAL_TIM_PWM_PulseFinishedCallback
                0x0800260c        0x4 build/stm32f1xx_hal_tim.o
                0x0800260c                HAL_TIM_PWM_PulseFinishedCallback
 .text.HAL_TIM_TriggerCallback
                0x08002610        0x4 build/stm32f1xx_hal_tim.o
                0x08002610                HAL_TIM_TriggerCallback
 .text.HAL_TIM_IRQHandler
                0x08002614      0x174 build/stm32f1xx_hal_tim.o
                0x08002614                HAL_TIM_IRQHandler
 .text.TIM_Base_SetConfig
                0x08002788       0x70 build/stm32f1xx_hal_tim.o
                0x08002788                TIM_Base_SetConfig
 .text.HAL_TIM_Base_Init
                0x080027f8       0x38 build/stm32f1xx_hal_tim.o
                0x080027f8                HAL_TIM_Base_Init
 .text.HAL_TIM_OC_Init
                0x08002830       0x38 build/stm32f1xx_hal_tim.o
                0x08002830                HAL_TIM_OC_Init
 .text.HAL_TIM_PWM_Init
                0x08002868       0x38 build/stm32f1xx_hal_tim.o
                0x08002868                HAL_TIM_PWM_Init
 .text.TIM_OC2_SetConfig
                0x080028a0       0x60 build/stm32f1xx_hal_tim.o
                0x080028a0                TIM_OC2_SetConfig
 .text.HAL_TIM_OC_ConfigChannel
                0x08002900       0x60 build/stm32f1xx_hal_tim.o
                0x08002900                HAL_TIM_OC_ConfigChannel
 .text.HAL_TIM_PWM_ConfigChannel
                0x08002960       0xdc build/stm32f1xx_hal_tim.o
                0x08002960                HAL_TIM_PWM_ConfigChannel
 .text.TIM_CCxChannelCmd
                0x08002a3c       0x1c build/stm32f1xx_hal_tim.o
                0x08002a3c                TIM_CCxChannelCmd
 .text.HAL_TIM_PWM_Start
                0x08002a58       0x30 build/stm32f1xx_hal_tim.o
                0x08002a58                HAL_TIM_PWM_Start
 .text.HAL_TIMEx_ConfigBreakDeadTime
                0x08002a88       0x58 build/stm32f1xx_hal_tim_ex.o
                0x08002a88                HAL_TIMEx_ConfigBreakDeadTime
 .text.HAL_TIMEx_MasterConfigSynchronization
                0x08002ae0       0x54 build/stm32f1xx_hal_tim_ex.o
                0x08002ae0                HAL_TIMEx_MasterConfigSynchronization
 .text.HAL_TIMEx_CommutationCallback
                0x08002b34        0x4 build/stm32f1xx_hal_tim_ex.o
                0x08002b34                HAL_TIMEx_CommutationCallback
 .text.HAL_TIMEx_BreakCallback
                0x08002b38        0x4 build/stm32f1xx_hal_tim_ex.o
                0x08002b38                HAL_TIMEx_BreakCallback
 .text.HAL_Init
                0x08002b3c       0x24 build/stm32f1xx_hal.o
                0x08002b3c                HAL_Init
 .text.HAL_IncTick
                0x08002b60       0x18 build/stm32f1xx_hal.o
                0x08002b60                HAL_IncTick
 .text.HAL_GetTick
                0x08002b78        0xc build/stm32f1xx_hal.o
                0x08002b78                HAL_GetTick
 .text.RCC_Delay
                0x08002b84       0x2c build/stm32f1xx_hal_rcc.o
 .text.HAL_RCC_OscConfig
                0x08002bb0      0x400 build/stm32f1xx_hal_rcc.o
                0x08002bb0                HAL_RCC_OscConfig
 .text.HAL_RCC_GetSysClockFreq
                0x08002fb0       0x70 build/stm32f1xx_hal_rcc.o
                0x08002fb0                HAL_RCC_GetSysClockFreq
 .text.HAL_RCC_ClockConfig
                0x08003020      0x1a8 build/stm32f1xx_hal_rcc.o
                0x08003020                HAL_RCC_ClockConfig
 .text.HAL_RCC_GetHCLKFreq
                0x080031c8        0xc build/stm32f1xx_hal_rcc.o
                0x080031c8                HAL_RCC_GetHCLKFreq
 .text.HAL_RCC_GetPCLK1Freq
                0x080031d4       0x20 build/stm32f1xx_hal_rcc.o
                0x080031d4                HAL_RCC_GetPCLK1Freq
 .text.HAL_RCC_GetPCLK2Freq
                0x080031f4       0x20 build/stm32f1xx_hal_rcc.o
                0x080031f4                HAL_RCC_GetPCLK2Freq
 .text.HAL_RCC_GetClockConfig
                0x08003214       0x3c build/stm32f1xx_hal_rcc.o
                0x08003214                HAL_RCC_GetClockConfig
 .text.HAL_RCCEx_PeriphCLKConfig
                0x08003250      0x114 build/stm32f1xx_hal_rcc_ex.o
                0x08003250                HAL_RCCEx_PeriphCLKConfig
 .text.HAL_RCCEx_GetPeriphCLKFreq
                0x08003364      0x108 build/stm32f1xx_hal_rcc_ex.o
                0x08003364                HAL_RCCEx_GetPeriphCLKFreq
 .text.HAL_GPIO_Init
                0x0800346c      0x1d8 build/stm32f1xx_hal_gpio.o
                0x0800346c                HAL_GPIO_Init
 .text.HAL_GPIO_ReadPin
                0x08003644       0x10 build/stm32f1xx_hal_gpio.o
                0x08003644                HAL_GPIO_ReadPin
 .text.HAL_GPIO_WritePin
                0x08003654        0xc build/stm32f1xx_hal_gpio.o
                0x08003654                HAL_GPIO_WritePin
 .text.HAL_GPIO_TogglePin
                0x08003660        0x8 build/stm32f1xx_hal_gpio.o
                0x08003660                HAL_GPIO_TogglePin
 .text.DMA_SetConfig
                0x08003668       0x2c build/stm32f1xx_hal_dma.o
 .text.HAL_DMA_Init
                0x08003694       0x70 build/stm32f1xx_hal_dma.o
                0x08003694                HAL_DMA_Init
 .text.HAL_DMA_Start_IT
                0x08003704       0x74 build/stm32f1xx_hal_dma.o
                0x08003704                HAL_DMA_Start_IT
 .text.HAL_DMA_Abort_IT
                0x08003778       0x98 build/stm32f1xx_hal_dma.o
                0x08003778                HAL_DMA_Abort_IT
 .text.HAL_DMA_IRQHandler
                0x08003810      0x144 build/stm32f1xx_hal_dma.o
                0x08003810                HAL_DMA_IRQHandler
 .text.HAL_NVIC_SetPriorityGrouping
                0x08003954       0x24 build/stm32f1xx_hal_cortex.o
                0x08003954                HAL_NVIC_SetPriorityGrouping
 .text.HAL_NVIC_SetPriority
                0x08003978       0x64 build/stm32f1xx_hal_cortex.o
                0x08003978                HAL_NVIC_SetPriority
 .text.HAL_NVIC_EnableIRQ
                0x080039dc       0x18 build/stm32f1xx_hal_cortex.o
                0x080039dc                HAL_NVIC_EnableIRQ
 .text.SystemInit
                0x080039f4       0x4c build/system_stm32f1xx.o
                0x080039f4                SystemInit
 .text.vApplicationStackOverflowHook
                0x08003a40        0x4 build/freertos.o
                0x08003a40                vApplicationStackOverflowHook
 .text.vApplicationGetIdleTaskMemory
                0x08003a44       0x18 build/freertos.o
                0x08003a44                vApplicationGetIdleTaskMemory
 .text.vApplicationGetTimerTaskMemory
                0x08003a5c       0x18 build/freertos.o
                0x08003a5c                vApplicationGetTimerTaskMemory
 .text.HAL_InitTick
                0x08003a74       0x78 build/stm32f1xx_hal_timebase_tim.o
                0x08003a74                HAL_InitTick
 .text.ADC_DMAConvCplt
                0x08003aec       0x50 build/stm32f1xx_hal_adc.o
                0x08003aec                ADC_DMAConvCplt
 .text.ADC_DMAHalfConvCplt
                0x08003b3c        0xc build/stm32f1xx_hal_adc.o
                0x08003b3c                ADC_DMAHalfConvCplt
 .text.HAL_ADC_ErrorCallback
                0x08003b48        0x4 build/stm32f1xx_hal_adc.o
                0x08003b48                HAL_ADC_ErrorCallback
 .text.ADC_DMAError
                0x08003b4c       0x1c build/stm32f1xx_hal_adc.o
                0x08003b4c                ADC_DMAError
 .text.HAL_ADC_ConfigChannel
                0x08003b68      0x138 build/stm32f1xx_hal_adc.o
                0x08003b68                HAL_ADC_ConfigChannel
 .text.ADC_Enable
                0x08003ca0       0x80 build/stm32f1xx_hal_adc.o
                0x08003ca0                ADC_Enable
 .text.HAL_ADC_Start_DMA
                0x08003d20      0x144 build/stm32f1xx_hal_adc.o
                0x08003d20                HAL_ADC_Start_DMA
 .text.ADC_ConversionStop_Disable
                0x08003e64       0x50 build/stm32f1xx_hal_adc.o
                0x08003e64                ADC_ConversionStop_Disable
 .text.HAL_ADC_Init
                0x08003eb4      0x10c build/stm32f1xx_hal_adc.o
                0x08003eb4                HAL_ADC_Init
 .text.HAL_ADCEx_Calibration_Start
                0x08003fc0       0xf0 build/stm32f1xx_hal_adc_ex.o
                0x08003fc0                HAL_ADCEx_Calibration_Start
 .text.HAL_CAN_Init
                0x080040b0      0x154 build/stm32f1xx_hal_can.o
                0x080040b0                HAL_CAN_Init
 .text.HAL_CAN_ConfigFilter
                0x08004204       0xfc build/stm32f1xx_hal_can.o
                0x08004204                HAL_CAN_ConfigFilter
 .text.HAL_CAN_Start
                0x08004300       0x60 build/stm32f1xx_hal_can.o
                0x08004300                HAL_CAN_Start
 .text.HAL_CAN_AddTxMessage
                0x08004360       0xe8 build/stm32f1xx_hal_can.o
                0x08004360                HAL_CAN_AddTxMessage
 .text.HAL_CAN_AbortTxRequest
                0x08004448       0x50 build/stm32f1xx_hal_can.o
                0x08004448                HAL_CAN_AbortTxRequest
 .text.HAL_CAN_GetRxMessage
                0x08004498      0x134 build/stm32f1xx_hal_can.o
                0x08004498                HAL_CAN_GetRxMessage
 .text.HAL_CAN_ActivateNotification
                0x080045cc       0x24 build/stm32f1xx_hal_can.o
                0x080045cc                HAL_CAN_ActivateNotification
 .text.HAL_CAN_TxMailbox1CompleteCallback
                0x080045f0        0x4 build/stm32f1xx_hal_can.o
                0x080045f0                HAL_CAN_TxMailbox1CompleteCallback
 .text.HAL_CAN_TxMailbox2CompleteCallback
                0x080045f4        0x4 build/stm32f1xx_hal_can.o
                0x080045f4                HAL_CAN_TxMailbox2CompleteCallback
 .text.HAL_CAN_TxMailbox1AbortCallback
                0x080045f8        0x4 build/stm32f1xx_hal_can.o
                0x080045f8                HAL_CAN_TxMailbox1AbortCallback
 .text.HAL_CAN_TxMailbox2AbortCallback
                0x080045fc        0x4 build/stm32f1xx_hal_can.o
                0x080045fc                HAL_CAN_TxMailbox2AbortCallback
 .text.HAL_CAN_RxFifo0FullCallback
                0x08004600        0x4 build/stm32f1xx_hal_can.o
                0x08004600                HAL_CAN_RxFifo0FullCallback
 .text.HAL_CAN_RxFifo1FullCallback
                0x08004604        0x4 build/stm32f1xx_hal_can.o
                0x08004604                HAL_CAN_RxFifo1FullCallback
 .text.HAL_CAN_SleepCallback
                0x08004608        0x4 build/stm32f1xx_hal_can.o
                0x08004608                HAL_CAN_SleepCallback
 .text.HAL_CAN_WakeUpFromRxMsgCallback
                0x0800460c        0x4 build/stm32f1xx_hal_can.o
                0x0800460c                HAL_CAN_WakeUpFromRxMsgCallback
 .text.HAL_CAN_IRQHandler
                0x08004610      0x250 build/stm32f1xx_hal_can.o
                0x08004610                HAL_CAN_IRQHandler
 .text.UART_EndTxTransfer
                0x08004860       0x14 build/stm32f1xx_hal_uart.o
 .text.UART_EndRxTransfer
                0x08004874       0x1c build/stm32f1xx_hal_uart.o
 .text.UART_Transmit_IT
                0x08004890       0x6c build/stm32f1xx_hal_uart.o
 .text.UART_SetConfig
                0x080048fc      0x1bc build/stm32f1xx_hal_uart.o
 .text.HAL_UART_Init
                0x08004ab8       0x64 build/stm32f1xx_hal_uart.o
                0x08004ab8                HAL_UART_Init
 .text.HAL_UART_Transmit_IT
                0x08004b1c       0x48 build/stm32f1xx_hal_uart.o
                0x08004b1c                HAL_UART_Transmit_IT
 .text.HAL_UART_Receive_IT
                0x08004b64       0x5c build/stm32f1xx_hal_uart.o
                0x08004b64                HAL_UART_Receive_IT
 .text.HAL_UART_Transmit_DMA
                0x08004bc0       0x8c build/stm32f1xx_hal_uart.o
                0x08004bc0                HAL_UART_Transmit_DMA
 .text.HAL_UART_Receive_DMA
                0x08004c4c       0xa8 build/stm32f1xx_hal_uart.o
                0x08004c4c                HAL_UART_Receive_DMA
 .text.UART_DMATransmitCplt
                0x08004cf4       0x30 build/stm32f1xx_hal_uart.o
 .text.UART_EndTransmit_IT
                0x08004d24       0x1c build/stm32f1xx_hal_uart.o
 .text.HAL_UART_TxHalfCpltCallback
                0x08004d40        0x4 build/stm32f1xx_hal_uart.o
                0x08004d40                HAL_UART_TxHalfCpltCallback
 .text.UART_DMATxHalfCplt
                0x08004d44        0xc build/stm32f1xx_hal_uart.o
 .text.UART_DMAReceiveCplt
                0x08004d50       0x40 build/stm32f1xx_hal_uart.o
 .text.UART_Receive_IT
                0x08004d90       0xa0 build/stm32f1xx_hal_uart.o
 .text.UART_DMARxHalfCplt
                0x08004e30        0xc build/stm32f1xx_hal_uart.o
 .text.UART_DMAError
                0x08004e3c       0x50 build/stm32f1xx_hal_uart.o
 .text.HAL_UART_IRQHandler
                0x08004e8c      0x11c build/stm32f1xx_hal_uart.o
                0x08004e8c                HAL_UART_IRQHandler
 .text.UART_DMAAbortOnError
                0x08004fa8       0x10 build/stm32f1xx_hal_uart.o
 .text.vListInitialise
                0x08004fb8       0x18 build/list.o
                0x08004fb8                vListInitialise
 .text.vListInitialiseItem
                0x08004fd0        0x8 build/list.o
                0x08004fd0                vListInitialiseItem
 .text.vListInsertEnd
                0x08004fd8       0x18 build/list.o
                0x08004fd8                vListInsertEnd
 .text.vListInsert
                0x08004ff0       0x34 build/list.o
                0x08004ff0                vListInsert
 .text.uxListRemove
                0x08005024       0x24 build/list.o
                0x08005024                uxListRemove
 .text.prvIsQueueFull
                0x08005048       0x20 build/queue.o
 .text.prvIsQueueEmpty
                0x08005068       0x1c build/queue.o
 .text.prvCopyDataToQueue
                0x08005084       0x78 build/queue.o
 .text.prvCopyDataFromQueue
                0x080050fc       0x24 build/queue.o
 .text.prvUnlockQueue
                0x08005120       0x68 build/queue.o
 .text.xQueueGenericReset
                0x08005188       0x80 build/queue.o
                0x08005188                xQueueGenericReset
 .text.prvInitialiseNewQueue
                0x08005208       0x1c build/queue.o
 .text.xQueueGenericCreateStatic
                0x08005224       0xac build/queue.o
                0x08005224                xQueueGenericCreateStatic
 .text.xQueueGenericCreate
                0x080052d0       0x50 build/queue.o
                0x080052d0                xQueueGenericCreate
 .text.xQueueGenericSend
                0x08005320      0x190 build/queue.o
                0x08005320                xQueueGenericSend
 .text.xQueueGenericSendFromISR
                0x080054b0       0xe4 build/queue.o
                0x080054b0                xQueueGenericSendFromISR
 .text.xQueueGiveFromISR
                0x08005594       0xbc build/queue.o
                0x08005594                xQueueGiveFromISR
 .text.xQueueGenericReceive
                0x08005650      0x1a0 build/queue.o
                0x08005650                xQueueGenericReceive
 .text.vQueueAddToRegistry
                0x080057f0       0x28 build/queue.o
                0x080057f0                vQueueAddToRegistry
 .text.vQueueWaitForMessageRestricted
                0x08005818       0x4c build/queue.o
                0x08005818                vQueueWaitForMessageRestricted
 .text.prvTaskCheckFreeStackSpace
                0x08005864       0x14 build/tasks.o
 .text.prvResetNextTaskUnblockTime
                0x08005878       0x34 build/tasks.o
 .text.prvInitialiseNewTask
                0x080058ac       0x90 build/tasks.o
 .text.prvInitialiseTaskLists
                0x0800593c       0x68 build/tasks.o
 .text.prvAddNewTaskToReadyList
                0x080059a4       0xa8 build/tasks.o
 .text.prvDeleteTCB
                0x08005a4c       0x3c build/tasks.o
 .text.prvAddCurrentTaskToDelayedList
                0x08005a88       0x98 build/tasks.o
 .text.xTaskCreateStatic
                0x08005b20       0x60 build/tasks.o
                0x08005b20                xTaskCreateStatic
 .text.xTaskCreate
                0x08005b80       0x68 build/tasks.o
                0x08005b80                xTaskCreate
 .text.vTaskPrioritySet
                0x08005be8       0xf0 build/tasks.o
                0x08005be8                vTaskPrioritySet
 .text.vTaskStartScheduler
                0x08005cd8       0x98 build/tasks.o
                0x08005cd8                vTaskStartScheduler
 .text.vTaskSuspendAll
                0x08005d70       0x10 build/tasks.o
                0x08005d70                vTaskSuspendAll
 .text.xTaskGetTickCount
                0x08005d80        0xc build/tasks.o
                0x08005d80                xTaskGetTickCount
 .text.xTaskIncrementTick
                0x08005d8c      0x124 build/tasks.o
                0x08005d8c                xTaskIncrementTick
 .text.xTaskResumeAll
                0x08005eb0       0xf8 build/tasks.o
                0x08005eb0                xTaskResumeAll
 .text.vTaskDelay
                0x08005fa8       0x50 build/tasks.o
                0x08005fa8                vTaskDelay
 .text.prvCheckTasksWaitingTermination
                0x08005ff8       0x54 build/tasks.o
 .text.prvIdleTask
                0x0800604c       0x28 build/tasks.o
 .text.vTaskSwitchContext
                0x08006074       0xc4 build/tasks.o
                0x08006074                vTaskSwitchContext
 .text.vTaskSuspend
                0x08006138       0xd4 build/tasks.o
                0x08006138                vTaskSuspend
 .text.vTaskPlaceOnEventList
                0x0800620c       0x30 build/tasks.o
                0x0800620c                vTaskPlaceOnEventList
 .text.vTaskPlaceOnEventListRestricted
                0x0800623c       0x38 build/tasks.o
                0x0800623c                vTaskPlaceOnEventListRestricted
 .text.xTaskRemoveFromEventList
                0x08006274       0x8c build/tasks.o
                0x08006274                xTaskRemoveFromEventList
 .text.vTaskSetTimeOutState
                0x08006300       0x2c build/tasks.o
                0x08006300                vTaskSetTimeOutState
 .text.xTaskCheckForTimeOut
                0x0800632c       0x80 build/tasks.o
                0x0800632c                xTaskCheckForTimeOut
 .text.vTaskMissedYield
                0x080063ac        0xc build/tasks.o
                0x080063ac                vTaskMissedYield
 .text.uxTaskGetStackHighWaterMark
                0x080063b8       0x18 build/tasks.o
                0x080063b8                uxTaskGetStackHighWaterMark
 .text.xTaskGetCurrentTaskHandle
                0x080063d0        0xc build/tasks.o
                0x080063d0                xTaskGetCurrentTaskHandle
 .text.xTaskGetSchedulerState
                0x080063dc       0x20 build/tasks.o
                0x080063dc                xTaskGetSchedulerState
 .text.vTaskPriorityInherit
                0x080063fc       0xa8 build/tasks.o
                0x080063fc                vTaskPriorityInherit
 .text.xTaskPriorityDisinherit
                0x080064a4       0xb4 build/tasks.o
                0x080064a4                xTaskPriorityDisinherit
 .text.pvTaskIncrementMutexHeldCount
                0x08006558       0x1c build/tasks.o
                0x08006558                pvTaskIncrementMutexHeldCount
 .text.xTaskNotifyWait
                0x08006574       0x98 build/tasks.o
                0x08006574                xTaskNotifyWait
 .text.xTaskGenericNotify
                0x0800660c       0xe4 build/tasks.o
                0x0800660c                xTaskGenericNotify
 .text.xTaskGenericNotifyFromISR
                0x080066f0      0x124 build/tasks.o
                0x080066f0                xTaskGenericNotifyFromISR
 .text.prvGetNextExpireTime
                0x08006814       0x20 build/timers.o
 .text.prvInsertTimerInActiveList
                0x08006834       0x48 build/timers.o
 .text.prvCheckForValidListAndQueue
                0x0800687c       0x6c build/timers.o
 .text.prvInitialiseNewTimer
                0x080068e8       0x40 build/timers.o
 .text.xTimerCreateTimerTask
                0x08006928       0x70 build/timers.o
                0x08006928                xTimerCreateTimerTask
 .text.xTimerCreate
                0x08006998       0x38 build/timers.o
                0x08006998                xTimerCreate
 .text.xTimerGenericCommand
                0x080069d0       0x6c build/timers.o
                0x080069d0                xTimerGenericCommand
 .text.prvSwitchTimerLists
                0x08006a3c       0x7c build/timers.o
 .text.prvSampleTimeNow
                0x08006ab8       0x2c build/timers.o
 .text.prvProcessExpiredTimer
                0x08006ae4       0x5c build/timers.o
 .text.prvProcessTimerOrBlockTask
                0x08006b40       0x74 build/timers.o
 .text.prvProcessReceivedCommands
                0x08006bb4       0xc4 build/timers.o
 .text.prvTimerTask
                0x08006c78       0x18 build/timers.o
 .text.makeFreeRtosPriority
                0x08006c90        0xc build/cmsis_os.o
 .text.osKernelStart
                0x08006c9c        0xc build/cmsis_os.o
                0x08006c9c                osKernelStart
 .text.osThreadCreate
                0x08006ca8       0x6c build/cmsis_os.o
                0x08006ca8                osThreadCreate
 .text.osDelay  0x08006d14       0x10 build/cmsis_os.o
                0x08006d14                osDelay
 .text.osSemaphoreCreate
                0x08006d24       0x48 build/cmsis_os.o
                0x08006d24                osSemaphoreCreate
 .text.prvHeapInit
                0x08006d6c       0x64 build/heap_4.o
 .text.prvInsertBlockIntoFreeList
                0x08006dd0       0x54 build/heap_4.o
 .text.pvPortMalloc
                0x08006e24      0x104 build/heap_4.o
                0x08006e24                pvPortMalloc
 .text.vPortFree
                0x08006f28       0x78 build/heap_4.o
                0x08006f28                vPortFree
 .text.xPortGetFreeHeapSize
                0x08006fa0        0xc build/heap_4.o
                0x08006fa0                xPortGetFreeHeapSize
 .text.prvTaskExitError
                0x08006fac       0x34 build/port.o
 .text.prvPortStartFirstTask
                0x08006fe0       0x20 build/port.o
 .text.pxPortInitialiseStack
                0x08007000       0x24 build/port.o
                0x08007000                pxPortInitialiseStack
 *fill*         0x08007024        0xc 
 .text.SVC_Handler
                0x08007030       0x24 build/port.o
                0x08007030                SVC_Handler
 .text.vPortEnterCritical
                0x08007054       0x44 build/port.o
                0x08007054                vPortEnterCritical
 .text.vPortExitCritical
                0x08007098       0x2c build/port.o
                0x08007098                vPortExitCritical
 *fill*         0x080070c4        0xc 
 .text.PendSV_Handler
                0x080070d0       0x44 build/port.o
                0x080070d0                PendSV_Handler
 .text.SysTick_Handler
                0x08007114       0x2c build/port.o
                0x08007114                SysTick_Handler
 .text.vPortSetupTimerInterrupt
                0x08007140       0x2c build/port.o
                0x08007140                vPortSetupTimerInterrupt
 .text.xPortStartScheduler
                0x0800716c       0x98 build/port.o
                0x0800716c                xPortStartScheduler
 .text.vPortValidateInterruptPriority
                0x08007204       0x5c build/port.o
                0x08007204                vPortValidateInterruptPriority
 .text.StartSerialTaskSend
                0x08007260       0x8c build/SerialTaskSend.o
                0x08007260                StartSerialTaskSend
 .text.xSerialTaskSendAdd
                0x080072ec       0x6c build/SerialTaskSend.o
                0x080072ec                xSerialTaskSendAdd
 .text.xSerialTaskSendCreate
                0x08007358       0x48 build/SerialTaskSend.o
                0x08007358                xSerialTaskSendCreate
 .text.HAL_UART_TxCpltCallback
                0x080073a0       0x78 build/SerialTaskSend.o
                0x080073a0                HAL_UART_TxCpltCallback
 .text.vSerialTaskSendQueueBuf
                0x08007418       0x28 build/SerialTaskSend.o
                0x08007418                vSerialTaskSendQueueBuf
 .text.DTW_counter_init
                0x08007440       0x20 build/DTW_counter.o
                0x08007440                DTW_counter_init
 .text.StartCanTxTask
                0x08007460       0x64 build/CanTask.o
                0x08007460                StartCanTxTask
 .text.StartCanRxTask
                0x080074c4       0x14 build/CanTask.o
                0x080074c4                StartCanRxTask
 .text.xCanTxTaskCreate
                0x080074d8       0x48 build/CanTask.o
                0x080074d8                xCanTxTaskCreate
 .text.canmsg_compress
                0x08007520       0x4c build/can_iface.o
 .text.moveremove2
                0x0800756c       0x14 build/can_iface.o
 .text.loadmbx2
                0x08007580       0x54 build/can_iface.o
 .text.can_iface_add_take
                0x080075d4       0x30 build/can_iface.o
                0x080075d4                can_iface_add_take
 .text.can_iface_mbx_init
                0x08007604       0x1c build/can_iface.o
                0x08007604                can_iface_mbx_init
 .text.can_iface_get_CANmsg
                0x08007620       0x28 build/can_iface.o
                0x08007620                can_iface_get_CANmsg
 .text.can_iface_init
                0x08007648       0xfc build/can_iface.o
                0x08007648                can_iface_init
 .text.can_driver_put
                0x08007744       0xe0 build/can_iface.o
                0x08007744                can_driver_put
 .text.getpctl  0x08007824       0x24 build/can_iface.o
                0x08007824                getpctl
 .text.unloadfifo
                0x08007848       0x98 build/can_iface.o
 .text.HAL_CAN_TxMailbox0CompleteCallback
                0x080078e0       0x80 build/can_iface.o
                0x080078e0                HAL_CAN_TxMailbox0CompleteCallback
 .text.HAL_CAN_TxMailbox0AbortCallback
                0x08007960       0x14 build/can_iface.o
                0x08007960                HAL_CAN_TxMailbox0AbortCallback
 .text.HAL_CAN_ErrorCallback
                0x08007974       0x70 build/can_iface.o
                0x08007974                HAL_CAN_ErrorCallback
 .text.HAL_CAN_RxFifo0MsgPendingCallback
                0x080079e4        0xc build/can_iface.o
                0x080079e4                HAL_CAN_RxFifo0MsgPendingCallback
 .text.HAL_CAN_RxFifo1MsgPendingCallback
                0x080079f0        0xc build/can_iface.o
                0x080079f0                HAL_CAN_RxFifo1MsgPendingCallback
 .text.canfilter_setup_first
                0x080079fc       0x60 build/canfilter_setup.o
                0x080079fc                canfilter_setup_first
 .text.canfilter_setup_add32b_id
                0x08007a5c       0xc0 build/canfilter_setup.o
                0x08007a5c                canfilter_setup_add32b_id
 .text.getserialbuf
                0x08007b1c       0x64 build/getserialbuf.o
                0x08007b1c                getserialbuf
 .text.yprintf_init
                0x08007b80       0x3c build/yprintf.o
                0x08007b80                yprintf_init
 .text.yprintf  0x08007bbc       0x78 build/yprintf.o
                0x08007bbc                yprintf
 .text.advancebuf
                0x08007c34       0x58 build/SerialTaskReceive.o
 .text.advanceptr
                0x08007c8c       0x24 build/SerialTaskReceive.o
 .text.unloaddma
                0x08007cb0       0x40 build/SerialTaskReceive.o
 .text.StartSerialTaskReceive
                0x08007cf0       0x4c build/SerialTaskReceive.o
                0x08007cf0                StartSerialTaskReceive
 .text.xSerialTaskRxAdduart
                0x08007d3c      0x120 build/SerialTaskReceive.o
                0x08007d3c                xSerialTaskRxAdduart
 .text.xSerialTaskReceiveCreate
                0x08007e5c       0x34 build/SerialTaskReceive.o
                0x08007e5c                xSerialTaskReceiveCreate
 .text.xSerialTaskReceiveGetline
                0x08007e90       0x20 build/SerialTaskReceive.o
                0x08007e90                xSerialTaskReceiveGetline
 .text.HAL_UART_RxCpltCallback
                0x08007eb0       0x6c build/SerialTaskReceive.o
                0x08007eb0                HAL_UART_RxCpltCallback
 .text.HAL_UART_RxHalfCpltCallback
                0x08007f1c        0x8 build/SerialTaskReceive.o
                0x08007f1c                HAL_UART_RxHalfCpltCallback
 .text.HAL_UART_ErrorCallback
                0x08007f24       0x1c build/SerialTaskReceive.o
                0x08007f24                HAL_UART_ErrorCallback
 .text.delay    0x08007f40       0x2c build/morse.o
 .text.morse_generate
                0x08007f6c       0x68 build/morse.o
 .text.morse_number
                0x08007fd4       0x50 build/morse.o
                0x08007fd4                morse_number
 .text.morse_trap
                0x08008024       0x1c build/morse.o
                0x08008024                morse_trap
 .text.payload_extract
                0x08008040      0x134 build/payload_extract.o
                0x08008040                payload_extract
 .text.lookup   0x08008174       0x38 build/MailboxTask.o
 .text.loadmbx  0x080081ac       0x50 build/MailboxTask.o
 .text.StartMailboxTask
                0x080081fc       0x94 build/MailboxTask.o
                0x080081fc                StartMailboxTask
 .text.MailboxTask_add_CANlist
                0x08008290       0xac build/MailboxTask.o
                0x08008290                MailboxTask_add_CANlist
 .text.MailboxTask_add
                0x0800833c      0x1b0 build/MailboxTask.o
                0x0800833c                MailboxTask_add
 .text.xMailboxTaskCreate
                0x080084ec       0x38 build/MailboxTask.o
                0x080084ec                xMailboxTaskCreate
 .text.adctask_init
                0x08008524       0x7c build/adctask.o
                0x08008524                adctask_init
 .text.HAL_ADC_ConvHalfCpltCallback
                0x080085a0       0x40 build/adctask.o
                0x080085a0                HAL_ADC_ConvHalfCpltCallback
 .text.HAL_ADC_ConvCpltCallback
                0x080085e0       0x40 build/adctask.o
                0x080085e0                HAL_ADC_ConvCpltCallback
 .text.StartADCTask
                0x08008620       0xc8 build/ADCTask.o
                0x08008620                StartADCTask
 .text.xADCTaskCreate
                0x080086e8       0x38 build/ADCTask.o
                0x080086e8                xADCTaskCreate
 .text.stackwatermark_show
                0x08008720       0x1c build/stackwatermark.o
                0x08008720                stackwatermark_show
 .text.adcfastsum16
                0x0800873c       0x98 build/adcfastsum16.o
                0x0800873c                adcfastsum16
 *fill*         0x080087d4        0x4 
 .text.adc_idx_v_struct_hardcode_params
                0x080087d8      0x120 build/adc_idx_v_struct.o
                0x080087d8                adc_idx_v_struct_hardcode_params
 .text.internal
                0x080088f8       0x78 build/adcparams.o
 .text.absolute
                0x08008970       0x2c build/adcparams.o
 .text.ratiometric5v
                0x0800899c       0x48 build/adcparams.o
 .text.adcparams_init
                0x080089e4       0x18 build/adcparams.o
                0x080089e4                adcparams_init
 .text.adcparams_cal
                0x080089fc       0x34 build/adcparams.o
                0x080089fc                adcparams_cal
 .text.ratiometric_cal_zero
                0x08008a30       0xb4 build/adcparamsinit.o
 .text.ratiometric_cal
                0x08008ae4       0x78 build/adcparamsinit.o
 *fill*         0x08008b5c        0x4 
 .text.adcparamsinit_init
                0x08008b60      0x280 build/adcparamsinit.o
                0x08008b60                adcparamsinit_init
 .text.ratiometric_cal_zero_CURRENTTOTAL
                0x08008de0       0x10 build/adcparamsinit.o
                0x08008de0                ratiometric_cal_zero_CURRENTTOTAL
 .text.load4    0x08008df0       0x10 build/contactor_cmd_msg.o
 .text.loadadc  0x08008e00       0x3c build/contactor_cmd_msg.o
 .text.loadhv   0x08008e3c       0x50 build/contactor_cmd_msg.o
 .text.contactor_cmd_msg_i
                0x08008e8c      0x1b8 build/contactor_cmd_msg.o
                0x08008e8c                contactor_cmd_msg_i
 .text.ContactorEvents_00
                0x08009044       0x10 build/ContactorEvents.o
                0x08009044                ContactorEvents_00
 .text.ContactorEvents_01
                0x08009054       0x54 build/ContactorEvents.o
                0x08009054                ContactorEvents_01
 .text.ContactorEvents_03
                0x080090a8       0x20 build/ContactorEvents.o
                0x080090a8                ContactorEvents_03
 .text.ContactorEvents_04
                0x080090c8       0x38 build/ContactorEvents.o
                0x080090c8                ContactorEvents_04
 .text.ContactorEvents_05
                0x08009100       0x10 build/ContactorEvents.o
                0x08009100                ContactorEvents_05
 .text.ContactorEvents_06
                0x08009110        0x8 build/ContactorEvents.o
                0x08009110                ContactorEvents_06
 .text.ContactorEvents_07
                0x08009118       0x8c build/ContactorEvents.o
                0x08009118                ContactorEvents_07
 .text.ContactorEvents_08
                0x080091a4       0x34 build/ContactorEvents.o
                0x080091a4                ContactorEvents_08
 .text.contactor_func_init_init
                0x080091d8      0x314 build/contactor_func_init.o
                0x080091d8                contactor_func_init_init
 .text.contactor_func_init_canfilter
                0x080094ec       0x54 build/contactor_func_init.o
                0x080094ec                contactor_func_init_canfilter
 .text.contactor_hv_uartline
                0x08009540       0x58 build/contactor_hv.o
                0x08009540                contactor_hv_uartline
 .text.contactor_hv_calibrate
                0x08009598       0x28 build/contactor_hv.o
                0x08009598                contactor_hv_calibrate
 .text.contactor_idx_v_struct_hardcode_params
                0x080095c0      0x12c build/contactor_idx_v_struct.o
                0x080095c0                contactor_idx_v_struct_hardcode_params
 .text.load4    0x080096ec       0x10 build/contactor_msgs.o
 .text.hvpayload
                0x080096fc       0x58 build/contactor_msgs.o
 .text.contactor_msg1
                0x08009754       0x80 build/contactor_msgs.o
                0x08009754                contactor_msg1
 .text.contactor_msg2
                0x080097d4       0x4c build/contactor_msgs.o
                0x080097d4                contactor_msg2
 .text.contactor_msg_ka
                0x08009820       0x60 build/contactor_msgs.o
                0x08009820                contactor_msg_ka
 .text.new_state
                0x08009880       0x24 build/ContactorStates.o
 .text.open_contactors
                0x080098a4       0x8c build/ContactorStates.o
 .text.transition_disconnecting
                0x08009930       0x14 build/ContactorStates.o
 .text.transition_connecting
                0x08009944       0x94 build/ContactorStates.o
 .text.ContactorStates_disconnecting
                0x080099d8       0x14 build/ContactorStates.o
                0x080099d8                ContactorStates_disconnecting
 .text.transition_faulting
                0x080099ec       0x18 build/ContactorStates.o
                0x080099ec                transition_faulting
 .text.ContactorStates_otosettling_init
                0x08009a04       0x24 build/ContactorStates.o
                0x08009a04                ContactorStates_otosettling_init
 .text.ContactorStates_disconnected
                0x08009a28      0x10c build/ContactorStates.o
                0x08009a28                ContactorStates_disconnected
 .text.ContactorStates_connecting
                0x08009b34      0x498 build/ContactorStates.o
                0x08009b34                ContactorStates_connecting
 .text.ContactorStates_connected
                0x08009fcc       0x34 build/ContactorStates.o
                0x08009fcc                ContactorStates_connected
 .text.ContactorStates_faulting
                0x0800a000       0x14 build/ContactorStates.o
                0x0800a000                ContactorStates_faulting
 .text.ContactorStates_faulted
                0x0800a014       0x14 build/ContactorStates.o
                0x0800a014                ContactorStates_faulted
 .text.ContactorStates_reset
                0x0800a028       0x18 build/ContactorStates.o
                0x0800a028                ContactorStates_reset
 .text.StartContactorTask
                0x0800a040      0x1d4 build/ContactorTask.o
                0x0800a040                StartContactorTask
 .text.swtim3_callback
                0x0800a214       0x18 build/ContactorTask.o
 .text.swtim2_callback
                0x0800a22c       0x18 build/ContactorTask.o
 .text.swtim1_callback
                0x0800a244       0x18 build/ContactorTask.o
 .text.xContactorTaskCreate
                0x0800a25c       0x38 build/ContactorTask.o
                0x0800a25c                xContactorTaskCreate
 .text.ContactorUpdates
                0x0800a294      0x164 build/ContactorUpdates.o
                0x0800a294                ContactorUpdates
 .text.iir_filter_lx_init
                0x0800a3f8       0x28 build/iir_filter_lx.o
 .text.iir_filter_lx_do
                0x0800a420       0x34 build/iir_filter_lx.o
                0x0800a420                iir_filter_lx_do
 .text.adcextendsum
                0x0800a454       0xac build/adcextendsum.o
                0x0800a454                adcextendsum
 .text.Reset_Handler
                0x0800a500       0x48 build/startup_stm32f103xb.o
                0x0800a500                Reset_Handler
 .text.Default_Handler
                0x0800a548        0x2 build/startup_stm32f103xb.o
                0x0800a548                RTC_Alarm_IRQHandler
                0x0800a548                EXTI2_IRQHandler
                0x0800a548                TIM1_CC_IRQHandler
                0x0800a548                PVD_IRQHandler
                0x0800a548                EXTI3_IRQHandler
                0x0800a548                EXTI0_IRQHandler
                0x0800a548                I2C2_EV_IRQHandler
                0x0800a548                ADC1_2_IRQHandler
                0x0800a548                SPI1_IRQHandler
                0x0800a548                TAMPER_IRQHandler
                0x0800a548                RTC_IRQHandler
                0x0800a548                DMA1_Channel7_IRQHandler
                0x0800a548                TIM4_IRQHandler
                0x0800a548                I2C1_EV_IRQHandler
                0x0800a548                DMA1_Channel6_IRQHandler
                0x0800a548                TIM3_IRQHandler
                0x0800a548                RCC_IRQHandler
                0x0800a548                TIM1_TRG_COM_IRQHandler
                0x0800a548                Default_Handler
                0x0800a548                EXTI15_10_IRQHandler
                0x0800a548                EXTI9_5_IRQHandler
                0x0800a548                SPI2_IRQHandler
                0x0800a548                EXTI4_IRQHandler
                0x0800a548                DMA1_Channel3_IRQHandler
                0x0800a548                TIM1_UP_IRQHandler
                0x0800a548                WWDG_IRQHandler
                0x0800a548                TIM1_BRK_IRQHandler
                0x0800a548                EXTI1_IRQHandler
                0x0800a548                USART2_IRQHandler
                0x0800a548                I2C2_ER_IRQHandler
                0x0800a548                DMA1_Channel2_IRQHandler
                0x0800a548                CAN1_SCE_IRQHandler
                0x0800a548                FLASH_IRQHandler
                0x0800a548                I2C1_ER_IRQHandler
                0x0800a548                USBWakeUp_IRQHandler
 *fill*         0x0800a54a        0x2 
 .text.calloc   0x0800a54c       0x10 /home/deh/launchpad/gcc-arm-none-eabi-5_4-2016q3/bin/../lib/gcc/arm-none-eabi/5.4.1/../../../../arm-none-eabi/lib/armv7-m/libc.a(lib_a-calloc.o)
                0x0800a54c                calloc
 .text._calloc_r
                0x0800a55c       0x60 /home/deh/launchpad/gcc-arm-none-eabi-5_4-2016q3/bin/../lib/gcc/arm-none-eabi/5.4.1/../../../../arm-none-eabi/lib/armv7-m/libc.a(lib_a-callocr.o)
                0x0800a55c                _calloc_r
 .text.__libc_init_array
                0x0800a5bc       0x50 /home/deh/launchpad/gcc-arm-none-eabi-5_4-2016q3/bin/../lib/gcc/arm-none-eabi/5.4.1/../../../../arm-none-eabi/lib/armv7-m/libc.a(lib_a-init.o)
                0x0800a5bc                __libc_init_array
 .text._malloc_r
                0x0800a60c      0x558 /home/deh/launchpad/gcc-arm-none-eabi-5_4-2016q3/bin/../lib/gcc/arm-none-eabi/5.4.1/../../../../arm-none-eabi/lib/armv7-m/libc.a(lib_a-mallocr.o)
                0x0800a60c                _malloc_r
 .text.memset   0x0800ab64       0x9c /home/deh/launchpad/gcc-arm-none-eabi-5_4-2016q3/bin/../lib/gcc/arm-none-eabi/5.4.1/../../../../arm-none-eabi/lib/armv7-m/libc.a(lib_a-memset.o)
                0x0800ab64                memset
 .text.__malloc_lock
                0x0800ac00        0x4 /home/deh/launchpad/gcc-arm-none-eabi-5_4-2016q3/bin/../lib/gcc/arm-none-eabi/5.4.1/../../../../arm-none-eabi/lib/armv7-m/libc.a(lib_a-mlock.o)
                0x0800ac00                __malloc_lock
 .text.__malloc_unlock
                0x0800ac04        0x4 /home/deh/launchpad/gcc-arm-none-eabi-5_4-2016q3/bin/../lib/gcc/arm-none-eabi/5.4.1/../../../../arm-none-eabi/lib/armv7-m/libc.a(lib_a-mlock.o)
                0x0800ac04                __malloc_unlock
 .text._sbrk_r  0x0800ac08       0x24 /home/deh/launchpad/gcc-arm-none-eabi-5_4-2016q3/bin/../lib/gcc/arm-none-eabi/5.4.1/../../../../arm-none-eabi/lib/armv7-m/libc.a(lib_a-sbrkr.o)
                0x0800ac08                _sbrk_r
 .text.strlen   0x0800ac2c       0x5c /home/deh/launchpad/gcc-arm-none-eabi-5_4-2016q3/bin/../lib/gcc/arm-none-eabi/5.4.1/../../../../arm-none-eabi/lib/armv7-m/libc.a(lib_a-strlen-stub.o)
                0x0800ac2c                strlen
 .text._vsnprintf_r
                0x0800ac88       0x70 /home/deh/launchpad/gcc-arm-none-eabi-5_4-2016q3/bin/../lib/gcc/arm-none-eabi/5.4.1/../../../../arm-none-eabi/lib/armv7-m/libc.a(lib_a-vsnprintf.o)
                0x0800ac88                _vsnprintf_r
 .text.vsnprintf
                0x0800acf8       0x20 /home/deh/launchpad/gcc-arm-none-eabi-5_4-2016q3/bin/../lib/gcc/arm-none-eabi/5.4.1/../../../../arm-none-eabi/lib/armv7-m/libc.a(lib_a-vsnprintf.o)
                0x0800acf8                vsnprintf
 .text.startup.register_fini
                0x0800ad18       0x14 /home/deh/launchpad/gcc-arm-none-eabi-5_4-2016q3/bin/../lib/gcc/arm-none-eabi/5.4.1/../../../../arm-none-eabi/lib/armv7-m/libc.a(lib_a-__call_atexit.o)
 .text.atexit   0x0800ad2c        0xc /home/deh/launchpad/gcc-arm-none-eabi-5_4-2016q3/bin/../lib/gcc/arm-none-eabi/5.4.1/../../../../arm-none-eabi/lib/armv7-m/libc.a(lib_a-atexit.o)
                0x0800ad2c                atexit
 .text.__libc_fini_array
                0x0800ad38       0x28 /home/deh/launchpad/gcc-arm-none-eabi-5_4-2016q3/bin/../lib/gcc/arm-none-eabi/5.4.1/../../../../arm-none-eabi/lib/armv7-m/libc.a(lib_a-fini.o)
                0x0800ad38                __libc_fini_array
 .text._malloc_trim_r
                0x0800ad60       0x9c /home/deh/launchpad/gcc-arm-none-eabi-5_4-2016q3/bin/../lib/gcc/arm-none-eabi/5.4.1/../../../../arm-none-eabi/lib/armv7-m/libc.a(lib_a-freer.o)
                0x0800ad60                _malloc_trim_r
 .text._free_r  0x0800adfc      0x1d0 /home/deh/launchpad/gcc-arm-none-eabi-5_4-2016q3/bin/../lib/gcc/arm-none-eabi/5.4.1/../../../../arm-none-eabi/lib/armv7-m/libc.a(lib_a-freer.o)
                0x0800adfc                _free_r
 .text._svfprintf_r
                0x0800afcc     0x1760 /home/deh/launchpad/gcc-arm-none-eabi-5_4-2016q3/bin/../lib/gcc/arm-none-eabi/5.4.1/../../../../arm-none-eabi/lib/armv7-m/libc.a(lib_a-svfprintf.o)
                0x0800afcc                _svfprintf_r
 .text.__register_exitproc
                0x0800c72c       0xa4 /home/deh/launchpad/gcc-arm-none-eabi-5_4-2016q3/bin/../lib/gcc/arm-none-eabi/5.4.1/../../../../arm-none-eabi/lib/armv7-m/libc.a(lib_a-__atexit.o)
                0x0800c72c                __register_exitproc
 .text.quorem   0x0800c7d0      0x12c /home/deh/launchpad/gcc-arm-none-eabi-5_4-2016q3/bin/../lib/gcc/arm-none-eabi/5.4.1/../../../../arm-none-eabi/lib/armv7-m/libc.a(lib_a-dtoa.o)
 *fill*         0x0800c8fc        0x4 
 .text._dtoa_r  0x0800c900      0xe4c /home/deh/launchpad/gcc-arm-none-eabi-5_4-2016q3/bin/../lib/gcc/arm-none-eabi/5.4.1/../../../../arm-none-eabi/lib/armv7-m/libc.a(lib_a-dtoa.o)
                0x0800c900                _dtoa_r
 .text._localeconv_r
                0x0800d74c       0x1c /home/deh/launchpad/gcc-arm-none-eabi-5_4-2016q3/bin/../lib/gcc/arm-none-eabi/5.4.1/../../../../arm-none-eabi/lib/armv7-m/libc.a(lib_a-localeconv.o)
                0x0800d74c                _localeconv_r
 .text.memchr   0x0800d768       0x8c /home/deh/launchpad/gcc-arm-none-eabi-5_4-2016q3/bin/../lib/gcc/arm-none-eabi/5.4.1/../../../../arm-none-eabi/lib/armv7-m/libc.a(lib_a-memchr-stub.o)
                0x0800d768                memchr
 .text._Balloc  0x0800d7f4       0x50 /home/deh/launchpad/gcc-arm-none-eabi-5_4-2016q3/bin/../lib/gcc/arm-none-eabi/5.4.1/../../../../arm-none-eabi/lib/armv7-m/libc.a(lib_a-mprec.o)
                0x0800d7f4                _Balloc
 .text._Bfree   0x0800d844       0x14 /home/deh/launchpad/gcc-arm-none-eabi-5_4-2016q3/bin/../lib/gcc/arm-none-eabi/5.4.1/../../../../arm-none-eabi/lib/armv7-m/libc.a(lib_a-mprec.o)
                0x0800d844                _Bfree
 .text.__multadd
                0x0800d858       0x80 /home/deh/launchpad/gcc-arm-none-eabi-5_4-2016q3/bin/../lib/gcc/arm-none-eabi/5.4.1/../../../../arm-none-eabi/lib/armv7-m/libc.a(lib_a-mprec.o)
                0x0800d858                __multadd
 .text.__hi0bits
                0x0800d8d8       0x40 /home/deh/launchpad/gcc-arm-none-eabi-5_4-2016q3/bin/../lib/gcc/arm-none-eabi/5.4.1/../../../../arm-none-eabi/lib/armv7-m/libc.a(lib_a-mprec.o)
                0x0800d8d8                __hi0bits
 .text.__lo0bits
                0x0800d918       0x5c /home/deh/launchpad/gcc-arm-none-eabi-5_4-2016q3/bin/../lib/gcc/arm-none-eabi/5.4.1/../../../../arm-none-eabi/lib/armv7-m/libc.a(lib_a-mprec.o)
                0x0800d918                __lo0bits
 .text.__i2b    0x0800d974       0x14 /home/deh/launchpad/gcc-arm-none-eabi-5_4-2016q3/bin/../lib/gcc/arm-none-eabi/5.4.1/../../../../arm-none-eabi/lib/armv7-m/libc.a(lib_a-mprec.o)
                0x0800d974                __i2b
 .text.__multiply
                0x0800d988      0x13c /home/deh/launchpad/gcc-arm-none-eabi-5_4-2016q3/bin/../lib/gcc/arm-none-eabi/5.4.1/../../../../arm-none-eabi/lib/armv7-m/libc.a(lib_a-mprec.o)
                0x0800d988                __multiply
 .text.__pow5mult
                0x0800dac4       0xa0 /home/deh/launchpad/gcc-arm-none-eabi-5_4-2016q3/bin/../lib/gcc/arm-none-eabi/5.4.1/../../../../arm-none-eabi/lib/armv7-m/libc.a(lib_a-mprec.o)
                0x0800dac4                __pow5mult
 .text.__lshift
                0x0800db64       0xac /home/deh/launchpad/gcc-arm-none-eabi-5_4-2016q3/bin/../lib/gcc/arm-none-eabi/5.4.1/../../../../arm-none-eabi/lib/armv7-m/libc.a(lib_a-mprec.o)
                0x0800db64                __lshift
 .text.__mcmp   0x0800dc10       0x40 /home/deh/launchpad/gcc-arm-none-eabi-5_4-2016q3/bin/../lib/gcc/arm-none-eabi/5.4.1/../../../../arm-none-eabi/lib/armv7-m/libc.a(lib_a-mprec.o)
                0x0800dc10                __mcmp
 .text.__mdiff  0x0800dc50      0x128 /home/deh/launchpad/gcc-arm-none-eabi-5_4-2016q3/bin/../lib/gcc/arm-none-eabi/5.4.1/../../../../arm-none-eabi/lib/armv7-m/libc.a(lib_a-mprec.o)
                0x0800dc50                __mdiff
 .text.__d2b    0x0800dd78       0xa8 /home/deh/launchpad/gcc-arm-none-eabi-5_4-2016q3/bin/../lib/gcc/arm-none-eabi/5.4.1/../../../../arm-none-eabi/lib/armv7-m/libc.a(lib_a-mprec.o)
                0x0800dd78                __d2b
 .text.__ssprint_r
                0x0800de20      0x100 /home/deh/launchpad/gcc-arm-none-eabi-5_4-2016q3/bin/../lib/gcc/arm-none-eabi/5.4.1/../../../../arm-none-eabi/lib/armv7-m/libc.a(lib_a-svfiprintf.o)
                0x0800de20                __ssprint_r
 .text.__ascii_mbtowc
                0x0800df20       0x2c /home/deh/launchpad/gcc-arm-none-eabi-5_4-2016q3/bin/../lib/gcc/arm-none-eabi/5.4.1/../../../../arm-none-eabi/lib/armv7-m/libc.a(lib_a-mbtowc_r.o)
                0x0800df20                __ascii_mbtowc
 .text.memmove  0x0800df4c       0xc8 /home/deh/launchpad/gcc-arm-none-eabi-5_4-2016q3/bin/../lib/gcc/arm-none-eabi/5.4.1/../../../../arm-none-eabi/lib/armv7-m/libc.a(lib_a-memmove.o)
                0x0800df4c                memmove
 .text._realloc_r
                0x0800e014      0x3d4 /home/deh/launchpad/gcc-arm-none-eabi-5_4-2016q3/bin/../lib/gcc/arm-none-eabi/5.4.1/../../../../arm-none-eabi/lib/armv7-m/libc.a(lib_a-reallocr.o)
                0x0800e014                _realloc_r
 .text.__ascii_wctomb
                0x0800e3e8       0x1c /home/deh/launchpad/gcc-arm-none-eabi-5_4-2016q3/bin/../lib/gcc/arm-none-eabi/5.4.1/../../../../arm-none-eabi/lib/armv7-m/libc.a(lib_a-wctomb_r.o)
                0x0800e3e8                __ascii_wctomb
 .text._sbrk    0x0800e404       0x1c /home/deh/launchpad/gcc-arm-none-eabi-5_4-2016q3/bin/../lib/gcc/arm-none-eabi/5.4.1/../../../../arm-none-eabi/lib/armv7-m/libnosys.a(sbrk.o)
                0x0800e404                _sbrk
 *(.glue_7)
 .glue_7        0x0800e420        0x0 linker stubs
 *(.glue_7t)
 .glue_7t       0x0800e420        0x0 linker stubs
 *(.eh_frame)
 .eh_frame      0x0800e420        0x0 /home/deh/launchpad/gcc-arm-none-eabi-5_4-2016q3/bin/../lib/gcc/arm-none-eabi/5.4.1/armv7-m/crtbegin.o
 *(.init)
 .init          0x0800e420        0x4 /home/deh/launchpad/gcc-arm-none-eabi-5_4-2016q3/bin/../lib/gcc/arm-none-eabi/5.4.1/armv7-m/crti.o
                0x0800e420                _init
 .init          0x0800e424        0x8 /home/deh/launchpad/gcc-arm-none-eabi-5_4-2016q3/bin/../lib/gcc/arm-none-eabi/5.4.1/armv7-m/crtn.o
 *(.fini)
 .fini          0x0800e42c        0x4 /home/deh/launchpad/gcc-arm-none-eabi-5_4-2016q3/bin/../lib/gcc/arm-none-eabi/5.4.1/armv7-m/crti.o
                0x0800e42c                _fini
 .fini          0x0800e430        0x8 /home/deh/launchpad/gcc-arm-none-eabi-5_4-2016q3/bin/../lib/gcc/arm-none-eabi/5.4.1/armv7-m/crtn.o
                0x0800e438                . = ALIGN (0x4)
                0x0800e438                _etext = .

.vfp11_veneer   0x0800e438        0x0
 .vfp11_veneer  0x0800e438        0x0 linker stubs

.v4_bx          0x0800e438        0x0
 .v4_bx         0x0800e438        0x0 linker stubs

.iplt           0x0800e438        0x0
 .iplt          0x0800e438        0x0 /home/deh/launchpad/gcc-arm-none-eabi-5_4-2016q3/bin/../lib/gcc/arm-none-eabi/5.4.1/armv7-m/crtbegin.o

.rodata         0x0800e438      0x9a4
                0x0800e438                . = ALIGN (0x4)
 *(.rodata)
 .rodata        0x0800e438       0x1c build/main.o
 .rodata        0x0800e454       0x12 build/stm32f1xx_hal_rcc.o
 *fill*         0x0800e466        0x2 
 .rodata        0x0800e468       0x12 build/stm32f1xx_hal_rcc_ex.o
 *fill*         0x0800e47a        0x2 
 .rodata        0x0800e47c       0x38 build/CanTask.o
 .rodata        0x0800e4b4       0x1c build/MailboxTask.o
 .rodata        0x0800e4d0       0x1c build/ADCTask.o
 .rodata        0x0800e4ec       0x1c build/ContactorTask.o
 *(.rodata*)
 .rodata.str1.4
                0x0800e508      0x408 build/main.o
                                0x40c (size before relaxing)
 .rodata.AHBPrescTable
                0x0800e910       0x10 build/system_stm32f1xx.o
                0x0800e910                AHBPrescTable
 .rodata.APBPrescTable
                0x0800e920        0x8 build/system_stm32f1xx.o
                0x0800e920                APBPrescTable
 .rodata.str1.4
                0x0800e928        0x5 build/tasks.o
 *fill*         0x0800e92d        0x3 
 .rodata.str1.4
                0x0800e930       0x10 build/timers.o
 .rodata.str1.4
                0x0800e940        0xf build/SerialTaskSend.o
 .rodata.str1.4
                0x0800e940       0x16 build/CanTask.o
 *fill*         0x0800e956        0x2 
 .rodata.str1.4
                0x0800e958       0x17 build/SerialTaskReceive.o
 *fill*         0x0800e96f        0x1 
 .rodata.mrse   0x0800e970       0x90 build/morse.o
                0x0800e970                mrse
 .rodata.str1.4
                0x0800ea00        0xc build/MailboxTask.o
 .rodata.str1.4
                0x0800ea0c        0x8 build/ADCTask.o
 .rodata.hxbn   0x0800ea14      0x100 build/hexbin.o
                0x0800ea14                hxbn
 .rodata.str1.4
                0x0800eb14       0x11 build/stackwatermark.o
 *fill*         0x0800eb25        0x3 
 .rodata.str1.4
                0x0800eb28       0x26 build/ContactorTask.o
 *fill*         0x0800eb4e        0x2 
 .rodata._global_impure_ptr
                0x0800eb50        0x4 /home/deh/launchpad/gcc-arm-none-eabi-5_4-2016q3/bin/../lib/gcc/arm-none-eabi/5.4.1/../../../../arm-none-eabi/lib/armv7-m/libc.a(lib_a-impure.o)
                0x0800eb50                _global_impure_ptr
 .rodata.zeroes.7256
                0x0800eb54       0x10 /home/deh/launchpad/gcc-arm-none-eabi-5_4-2016q3/bin/../lib/gcc/arm-none-eabi/5.4.1/../../../../arm-none-eabi/lib/armv7-m/libc.a(lib_a-svfprintf.o)
 .rodata.str1.4
                0x0800eb64       0x42 /home/deh/launchpad/gcc-arm-none-eabi-5_4-2016q3/bin/../lib/gcc/arm-none-eabi/5.4.1/../../../../arm-none-eabi/lib/armv7-m/libc.a(lib_a-svfprintf.o)
 *fill*         0x0800eba6        0x2 
 .rodata.blanks.7255
                0x0800eba8       0x10 /home/deh/launchpad/gcc-arm-none-eabi-5_4-2016q3/bin/../lib/gcc/arm-none-eabi/5.4.1/../../../../arm-none-eabi/lib/armv7-m/libc.a(lib_a-svfprintf.o)
 .rodata.str1.4
                0x0800ebb8       0x10 /home/deh/launchpad/gcc-arm-none-eabi-5_4-2016q3/bin/../lib/gcc/arm-none-eabi/5.4.1/../../../../arm-none-eabi/lib/armv7-m/libc.a(lib_a-dtoa.o)
                                 0x12 (size before relaxing)
 .rodata.__mprec_tens
                0x0800ebc8       0xc8 /home/deh/launchpad/gcc-arm-none-eabi-5_4-2016q3/bin/../lib/gcc/arm-none-eabi/5.4.1/../../../../arm-none-eabi/lib/armv7-m/libc.a(lib_a-mprec.o)
                0x0800ebc8                __mprec_tens
 .rodata.p05.6085
                0x0800ec90        0xc /home/deh/launchpad/gcc-arm-none-eabi-5_4-2016q3/bin/../lib/gcc/arm-none-eabi/5.4.1/../../../../arm-none-eabi/lib/armv7-m/libc.a(lib_a-mprec.o)
 *fill*         0x0800ec9c        0x4 
 .rodata.__mprec_bigtens
                0x0800eca0       0x28 /home/deh/launchpad/gcc-arm-none-eabi-5_4-2016q3/bin/../lib/gcc/arm-none-eabi/5.4.1/../../../../arm-none-eabi/lib/armv7-m/libc.a(lib_a-mprec.o)
                0x0800eca0                __mprec_bigtens
 .rodata.str1.4
                0x0800ecc8       0x10 /home/deh/launchpad/gcc-arm-none-eabi-5_4-2016q3/bin/../lib/gcc/arm-none-eabi/5.4.1/../../../../arm-none-eabi/lib/armv7-m/libc.a(lib_a-locale.o)
                                 0x12 (size before relaxing)
 .rodata._ctype_
                0x0800ecd8      0x101 /home/deh/launchpad/gcc-arm-none-eabi-5_4-2016q3/bin/../lib/gcc/arm-none-eabi/5.4.1/../../../../arm-none-eabi/lib/armv7-m/libc.a(lib_a-ctype_.o)
                0x0800ecd8                _ctype_
                0x0800eddc                . = ALIGN (0x4)
 *fill*         0x0800edd9        0x3 

.ARM.extab
 *(.ARM.extab* .gnu.linkonce.armextab.*)

.ARM            0x0800eddc        0x8
                0x0800eddc                __exidx_start = .
 *(.ARM.exidx*)
 .ARM.exidx     0x0800eddc        0x8 /home/deh/launchpad/gcc-arm-none-eabi-5_4-2016q3/bin/../lib/gcc/arm-none-eabi/5.4.1/armv7-m/libgcc.a(_udivmoddi4.o)
                0x0800ede4                __exidx_end = .

.rel.dyn        0x0800ede4        0x0
 .rel.iplt      0x0800ede4        0x0 /home/deh/launchpad/gcc-arm-none-eabi-5_4-2016q3/bin/../lib/gcc/arm-none-eabi/5.4.1/armv7-m/crtbegin.o

.preinit_array  0x0800ede4        0x0
                0x0800ede4                PROVIDE (__preinit_array_start, .)
 *(.preinit_array*)
                0x0800ede4                PROVIDE (__preinit_array_end, .)

.init_array     0x0800ede4        0x8
                0x0800ede4                PROVIDE (__init_array_start, .)
 *(SORT(.init_array.*))
 .init_array.00000
                0x0800ede4        0x4 /home/deh/launchpad/gcc-arm-none-eabi-5_4-2016q3/bin/../lib/gcc/arm-none-eabi/5.4.1/../../../../arm-none-eabi/lib/armv7-m/libc.a(lib_a-__call_atexit.o)
 *(.init_array*)
 .init_array    0x0800ede8        0x4 /home/deh/launchpad/gcc-arm-none-eabi-5_4-2016q3/bin/../lib/gcc/arm-none-eabi/5.4.1/armv7-m/crtbegin.o
                0x0800edec                PROVIDE (__init_array_end, .)

.fini_array     0x0800edec        0x4
                0x0800edec                PROVIDE (__fini_array_start, .)
 *(SORT(.fini_array.*))
 *(.fini_array*)
 .fini_array    0x0800edec        0x4 /home/deh/launchpad/gcc-arm-none-eabi-5_4-2016q3/bin/../lib/gcc/arm-none-eabi/5.4.1/armv7-m/crtbegin.o
                0x0800edf0                PROVIDE (__fini_array_end, .)
                0x0800edf0                _sidata = LOADADDR (.data)

.data           0x20000000      0x9b8 load address 0x0800edf0
                0x20000000                . = ALIGN (0x4)
                0x20000000                _sdata = .
 *(.data)
 *(.data*)
 .data.m_trap   0x20000000        0x2 build/main.o
                0x20000000                m_trap
 .data.uwTickFreq
                0x20000002        0x1 build/stm32f1xx_hal.o
                0x20000002                uwTickFreq
 *fill*         0x20000003        0x1 
 .data.SystemCoreClock
                0x20000004        0x4 build/system_stm32f1xx.o
                0x20000004                SystemCoreClock
 .data.uxCriticalNesting
                0x20000008        0x4 build/port.o
 *fill*         0x2000000c        0x4 
 .data.impure_data
                0x20000010      0x428 /home/deh/launchpad/gcc-arm-none-eabi-5_4-2016q3/bin/../lib/gcc/arm-none-eabi/5.4.1/../../../../arm-none-eabi/lib/armv7-m/libc.a(lib_a-impure.o)
 .data._impure_ptr
                0x20000438        0x4 /home/deh/launchpad/gcc-arm-none-eabi-5_4-2016q3/bin/../lib/gcc/arm-none-eabi/5.4.1/../../../../arm-none-eabi/lib/armv7-m/libc.a(lib_a-impure.o)
                0x20000438                _impure_ptr
 .data.__malloc_av_
                0x2000043c      0x408 /home/deh/launchpad/gcc-arm-none-eabi-5_4-2016q3/bin/../lib/gcc/arm-none-eabi/5.4.1/../../../../arm-none-eabi/lib/armv7-m/libc.a(lib_a-mallocr.o)
                0x2000043c                __malloc_av_
 .data.__malloc_trim_threshold
                0x20000844        0x4 /home/deh/launchpad/gcc-arm-none-eabi-5_4-2016q3/bin/../lib/gcc/arm-none-eabi/5.4.1/../../../../arm-none-eabi/lib/armv7-m/libc.a(lib_a-mallocr.o)
                0x20000844                __malloc_trim_threshold
 .data.__malloc_sbrk_base
                0x20000848        0x4 /home/deh/launchpad/gcc-arm-none-eabi-5_4-2016q3/bin/../lib/gcc/arm-none-eabi/5.4.1/../../../../arm-none-eabi/lib/armv7-m/libc.a(lib_a-mallocr.o)
                0x20000848                __malloc_sbrk_base
 .data.__global_locale
                0x2000084c      0x16c /home/deh/launchpad/gcc-arm-none-eabi-5_4-2016q3/bin/../lib/gcc/arm-none-eabi/5.4.1/../../../../arm-none-eabi/lib/armv7-m/libc.a(lib_a-locale.o)
                0x2000084c                __global_locale
                0x200009b8                . = ALIGN (0x4)
                0x200009b8                _edata = .

.jcr            0x200009b8        0x0 load address 0x0800f7a8
 .jcr           0x200009b8        0x0 /home/deh/launchpad/gcc-arm-none-eabi-5_4-2016q3/bin/../lib/gcc/arm-none-eabi/5.4.1/armv7-m/crtbegin.o

.igot.plt       0x200009b8        0x0 load address 0x0800f7a8
 .igot.plt      0x200009b8        0x0 /home/deh/launchpad/gcc-arm-none-eabi-5_4-2016q3/bin/../lib/gcc/arm-none-eabi/5.4.1/armv7-m/crtbegin.o
                0x200009b8                . = ALIGN (0x4)

.bss            0x200009b8     0x30f8 load address 0x0800f7a8
                0x200009b8                _sbss = .
                0x200009b8                __bss_start__ = _sbss
 *(.bss)
 .bss           0x200009b8       0x1c /home/deh/launchpad/gcc-arm-none-eabi-5_4-2016q3/bin/../lib/gcc/arm-none-eabi/5.4.1/armv7-m/crtbegin.o
 *(.bss*)
 .bss.xIdleStack
                0x200009d4      0x200 build/freertos.o
 .bss.xTimerStack
                0x20000bd4      0x400 build/freertos.o
 .bss.xIdleTaskTCBBuffer
                0x20000fd4       0x54 build/freertos.o
 .bss.xTimerTaskTCBBuffer
                0x20001028       0x54 build/freertos.o
 .bss.pxDelayedTaskList
                0x2000107c        0x4 build/tasks.o
 .bss.xSchedulerRunning
                0x20001080        0x4 build/tasks.o
 .bss.xTasksWaitingTermination
                0x20001084       0x14 build/tasks.o
 .bss.pxOverflowDelayedTaskList
                0x20001098        0x4 build/tasks.o
 .bss.uxPendedTicks
                0x2000109c        0x4 build/tasks.o
 .bss.pxReadyTasksLists
                0x200010a0       0x8c build/tasks.o
 .bss.uxSchedulerSuspended
                0x2000112c        0x4 build/tasks.o
 .bss.uxDeletedTasksWaitingCleanUp
                0x20001130        0x4 build/tasks.o
 .bss.uxCurrentNumberOfTasks
                0x20001134        0x4 build/tasks.o
 .bss.pxCurrentTCB
                0x20001138        0x4 build/tasks.o
                0x20001138                pxCurrentTCB
 .bss.xPendingReadyList
                0x2000113c       0x14 build/tasks.o
 .bss.xNumOfOverflows
                0x20001150        0x4 build/tasks.o
 .bss.xTickCount
                0x20001154        0x4 build/tasks.o
 .bss.xNextTaskUnblockTime
                0x20001158        0x4 build/tasks.o
 .bss.uxTaskNumber
                0x2000115c        0x4 build/tasks.o
 .bss.xDelayedTaskList1
                0x20001160       0x14 build/tasks.o
 .bss.xDelayedTaskList2
                0x20001174       0x14 build/tasks.o
 .bss.xSuspendedTaskList
                0x20001188       0x14 build/tasks.o
 .bss.uxTopReadyPriority
                0x2000119c        0x4 build/tasks.o
 .bss.xYieldPending
                0x200011a0        0x4 build/tasks.o
 .bss.pxCurrentTimerList
                0x200011a4        0x4 build/timers.o
 .bss.xActiveTimerList1
                0x200011a8       0x14 build/timers.o
 .bss.xActiveTimerList2
                0x200011bc       0x14 build/timers.o
 .bss.xStaticTimerQueue.5524
                0x200011d0       0x48 build/timers.o
 .bss.xLastTime.5476
                0x20001218        0x4 build/timers.o
 .bss.xTimerQueue
                0x2000121c        0x4 build/timers.o
 .bss.pxOverflowTimerList
                0x20001220        0x4 build/timers.o
 .bss.xTimerTaskHandle
                0x20001224        0x4 build/timers.o
 .bss.ucStaticTimerQueueStorage.5525
                0x20001228       0x78 build/timers.o
 .bss.xFreeBytesRemaining
                0x200012a0        0x4 build/heap_4.o
 .bss.pxEnd     0x200012a4        0x4 build/heap_4.o
 .bss.xStart    0x200012a8        0x8 build/heap_4.o
 .bss.ucHeap    0x200012b0     0x1c20 build/heap_4.o
 .bss.xBlockAllocatedBit
                0x20002ed0        0x4 build/heap_4.o
 .bss.xMinimumEverFreeBytesRemaining
                0x20002ed4        0x4 build/heap_4.o
 .bss.ucMaxSysCallPriority
                0x20002ed8        0x1 build/port.o
 *fill*         0x20002ed9        0x3 
 .bss.ulMaxPRIGROUPValue
                0x20002edc        0x4 build/port.o
 .bss.pbhd      0x20002ee0        0x4 build/SerialTaskSend.o
                0x20002ee0                pbhd
 .bss.SerialTaskHandle
                0x20002ee4        0x4 build/SerialTaskSend.o
                0x20002ee4                SerialTaskHandle
 .bss.ppctllist
                0x20002ee8        0x4 build/can_iface.o
 .bss.pctllist  0x20002eec       0x10 build/can_iface.o
 .bss.canfilt1  0x20002efc       0x2c build/canfilter_setup.o
 .bss.canfilt2  0x20002f28       0x2c build/canfilter_setup.o
 .bss.canfilt3  0x20002f54       0x2c build/canfilter_setup.o
 .bss.sw        0x20002f80        0x1 build/yprintf.o
 *fill*         0x20002f81        0x3 
 .bss.prbhd     0x20002f84        0x4 build/SerialTaskReceive.o
 .bss.SerialTaskReceiveHandle
                0x20002f88        0x4 build/SerialTaskReceive.o
                0x20002f88                SerialTaskReceiveHandle
 .bss.mbxcannum
                0x20002f8c       0x14 build/MailboxTask.o
                0x20002f8c                mbxcannum
 .bss.adcdbctr  0x20002fa0        0x4 build/ADCTask.o
                0x20002fa0                adcdbctr
 .bss.ctr       0x20002fa4        0x4 build/adcextendsum.o
 .bss.__malloc_max_total_mem
                0x20002fa8        0x4 /home/deh/launchpad/gcc-arm-none-eabi-5_4-2016q3/bin/../lib/gcc/arm-none-eabi/5.4.1/../../../../arm-none-eabi/lib/armv7-m/libc.a(lib_a-mallocr.o)
                0x20002fa8                __malloc_max_total_mem
 .bss.__malloc_max_sbrked_mem
                0x20002fac        0x4 /home/deh/launchpad/gcc-arm-none-eabi-5_4-2016q3/bin/../lib/gcc/arm-none-eabi/5.4.1/../../../../arm-none-eabi/lib/armv7-m/libc.a(lib_a-mallocr.o)
                0x20002fac                __malloc_max_sbrked_mem
 .bss.__malloc_top_pad
                0x20002fb0        0x4 /home/deh/launchpad/gcc-arm-none-eabi-5_4-2016q3/bin/../lib/gcc/arm-none-eabi/5.4.1/../../../../arm-none-eabi/lib/armv7-m/libc.a(lib_a-mallocr.o)
                0x20002fb0                __malloc_top_pad
 .bss.__malloc_current_mallinfo
                0x20002fb4       0x28 /home/deh/launchpad/gcc-arm-none-eabi-5_4-2016q3/bin/../lib/gcc/arm-none-eabi/5.4.1/../../../../arm-none-eabi/lib/armv7-m/libc.a(lib_a-mallocr.o)
                0x20002fb4                __malloc_current_mallinfo
 .bss.heap_end.4167
                0x20002fdc        0x4 /home/deh/launchpad/gcc-arm-none-eabi-5_4-2016q3/bin/../lib/gcc/arm-none-eabi/5.4.1/../../../../arm-none-eabi/lib/armv7-m/libnosys.a(sbrk.o)
 *(COMMON)
 COMMON         0x20002fe0      0x281 build/main.o
                0x20002fe0                defaultTaskHandle
                0x20002fe4                canflag1
                0x20002fe8                htim4
                0x20003028                huart3
                0x20003068                debug03
                0x2000306c                hcan
                0x20003094                debug03_prev
                0x20003098                htim3
                0x200030d8                hdma_usart1_tx
                0x2000311c                hadc1
                0x2000314c                hdma_usart1_rx
                0x20003190                huart1
                0x200031d0                debugTX1c_prev
                0x200031d4                pctl0
                0x200031d8                hdma_adc1
                0x2000321c                debugTX1c
                0x20003220                htim1
                0x20003260                canflag
 *fill*         0x20003261        0x3 
 COMMON         0x20003264        0x4 build/stm32f1xx_hal.o
                0x20003264                uwTick
 COMMON         0x20003268       0x40 build/stm32f1xx_hal_timebase_tim.o
                0x20003268                htim2
 COMMON         0x200032a8       0x40 build/queue.o
                0x200032a8                xQueueRegistry
 COMMON         0x200032e8        0x4 build/SerialTaskSend.o
                0x200032e8                SerialTaskSendQHandle
 COMMON         0x200032ec       0x10 build/CanTask.o
                0x200032ec                CanTxQHandle
                0x200032f0                CanRxQHandle
                0x200032f4                CanRxTaskHandle
                0x200032f8                CanTxTaskHandle
 COMMON         0x200032fc        0x8 build/can_iface.o
                0x200032fc                dbgcanrxctr
                0x20003300                dbgcantxctr
 COMMON         0x20003304        0x4 build/yprintf.o
                0x20003304                vsnprintfSemaphoreHandle
 COMMON         0x20003308        0x8 build/MailboxTask.o
                0x20003308                dbgmbxctr
                0x2000330c                MailboxTaskHandle
 COMMON         0x20003310       0x40 build/adctask.o
                0x20003310                adc1dmatskblk
 COMMON         0x20003350       0x1c build/ADCTask.o
                0x20003350                adcsumdb
                0x20003368                ADCTaskHandle
 *fill*         0x2000336c        0x4 
 COMMON         0x20003370      0x414 build/adcparams.o
                0x20003370                dbgadcratio
                0x20003378                adc1
                0x20003778                adcdbg2
                0x2000377c                adcdbg1
                0x20003780                dbgadcfil
 COMMON         0x20003784       0x10 build/ContactorEvents.o
                0x20003784                dbggpsflag
                0x20003788                dbgevcmd
                0x2000378c                dbgCE1
                0x20003790                dbgev04
 COMMON         0x20003794        0x8 build/contactor_msgs.o
                0x20003794                dbgmsg1ctr
                0x20003798                dbgkactr
 COMMON         0x2000379c        0x4 build/ContactorStates.o
                0x2000379c                dbgstmp
 COMMON         0x200037a0      0x30c build/ContactorTask.o
                0x200037a0                contactorfunction
                0x20003aa8                ContactorTaskHandle
 COMMON         0x20003aac        0x4 /home/deh/launchpad/gcc-arm-none-eabi-5_4-2016q3/bin/../lib/gcc/arm-none-eabi/5.4.1/../../../../arm-none-eabi/lib/armv7-m/libc.a(lib_a-reent.o)
                0x20003aac                errno
                0x20003ab0                . = ALIGN (0x4)
                0x20003ab0                _ebss = .
                0x20003ab0                __bss_end__ = _ebss

._user_heap_stack
                0x20003ab0      0x600 load address 0x0800f7a8
                0x20003ab0                . = ALIGN (0x8)
                0x20003ab0                PROVIDE (end, .)
                [!provide]                PROVIDE (_end, .)
                0x20003cb0                . = (. + _Min_Heap_Size)
 *fill*         0x20003ab0      0x200 
                0x200040b0                . = (. + _Min_Stack_Size)
 *fill*         0x20003cb0      0x400 
                0x200040b0                . = ALIGN (0x8)

/DISCARD/
 libc.a(*)
 libm.a(*)
 libgcc.a(*)

.ARM.attributes
                0x00000000       0x29
 *(.ARM.attributes)
 .ARM.attributes
                0x00000000       0x1d /home/deh/launchpad/gcc-arm-none-eabi-5_4-2016q3/bin/../lib/gcc/arm-none-eabi/5.4.1/armv7-m/crti.o
 .ARM.attributes
                0x0000001d       0x2d /home/deh/launchpad/gcc-arm-none-eabi-5_4-2016q3/bin/../lib/gcc/arm-none-eabi/5.4.1/armv7-m/crtbegin.o
 .ARM.attributes
                0x0000004a       0x33 build/main.o
 .ARM.attributes
                0x0000007d       0x33 build/stm32f1xx_it.o
 .ARM.attributes
                0x000000b0       0x33 build/stm32f1xx_hal_msp.o
 .ARM.attributes
                0x000000e3       0x33 build/stm32f1xx_hal_tim.o
 .ARM.attributes
                0x00000116       0x33 build/stm32f1xx_hal_tim_ex.o
 .ARM.attributes
                0x00000149       0x33 build/stm32f1xx_hal.o
 .ARM.attributes
                0x0000017c       0x33 build/stm32f1xx_hal_rcc.o
 .ARM.attributes
                0x000001af       0x33 build/stm32f1xx_hal_rcc_ex.o
 .ARM.attributes
                0x000001e2       0x33 build/stm32f1xx_hal_gpio.o
 .ARM.attributes
                0x00000215       0x33 build/stm32f1xx_hal_dma.o
 .ARM.attributes
                0x00000248       0x33 build/stm32f1xx_hal_cortex.o
 .ARM.attributes
                0x0000027b       0x33 build/system_stm32f1xx.o
 .ARM.attributes
                0x000002ae       0x33 build/freertos.o
 .ARM.attributes
                0x000002e1       0x33 build/stm32f1xx_hal_timebase_tim.o
 .ARM.attributes
                0x00000314       0x33 build/stm32f1xx_hal_adc.o
 .ARM.attributes
                0x00000347       0x33 build/stm32f1xx_hal_adc_ex.o
 .ARM.attributes
                0x0000037a       0x33 build/stm32f1xx_hal_can.o
 .ARM.attributes
                0x000003ad       0x33 build/stm32f1xx_hal_uart.o
 .ARM.attributes
                0x000003e0       0x33 build/list.o
 .ARM.attributes
                0x00000413       0x33 build/queue.o
 .ARM.attributes
                0x00000446       0x33 build/tasks.o
 .ARM.attributes
                0x00000479       0x33 build/timers.o
 .ARM.attributes
                0x000004ac       0x33 build/cmsis_os.o
 .ARM.attributes
                0x000004df       0x33 build/heap_4.o
 .ARM.attributes
                0x00000512       0x33 build/port.o
 .ARM.attributes
                0x00000545       0x33 build/SerialTaskSend.o
 .ARM.attributes
                0x00000578       0x33 build/DTW_counter.o
 .ARM.attributes
                0x000005ab       0x33 build/CanTask.o
 .ARM.attributes
                0x000005de       0x33 build/can_iface.o
 .ARM.attributes
                0x00000611       0x33 build/canfilter_setup.o
 .ARM.attributes
                0x00000644       0x33 build/getserialbuf.o
 .ARM.attributes
                0x00000677       0x33 build/yprintf.o
 .ARM.attributes
                0x000006aa       0x33 build/SerialTaskReceive.o
 .ARM.attributes
                0x000006dd       0x33 build/morse.o
 .ARM.attributes
                0x00000710       0x33 build/payload_extract.o
 .ARM.attributes
                0x00000743       0x33 build/MailboxTask.o
 .ARM.attributes
                0x00000776       0x33 build/adctask.o
 .ARM.attributes
                0x000007a9       0x33 build/ADCTask.o
 .ARM.attributes
                0x000007dc       0x33 build/hexbin.o
 .ARM.attributes
                0x0000080f       0x33 build/stackwatermark.o
 .ARM.attributes
                0x00000842       0x33 build/adcfastsum16.o
 .ARM.attributes
                0x00000875       0x33 build/adc_idx_v_struct.o
 .ARM.attributes
                0x000008a8       0x33 build/adcparams.o
 .ARM.attributes
                0x000008db       0x33 build/adcparamsinit.o
 .ARM.attributes
                0x0000090e       0x33 build/contactor_cmd_msg.o
 .ARM.attributes
                0x00000941       0x33 build/ContactorEvents.o
 .ARM.attributes
                0x00000974       0x33 build/contactor_func_init.o
 .ARM.attributes
                0x000009a7       0x33 build/contactor_hv.o
 .ARM.attributes
                0x000009da       0x33 build/contactor_idx_v_struct.o
 .ARM.attributes
                0x00000a0d       0x33 build/contactor_msgs.o
 .ARM.attributes
                0x00000a40       0x33 build/ContactorStates.o
 .ARM.attributes
                0x00000a73       0x33 build/ContactorTask.o
 .ARM.attributes
                0x00000aa6       0x33 build/ContactorUpdates.o
 .ARM.attributes
                0x00000ad9       0x33 build/iir_filter_lx.o
 .ARM.attributes
                0x00000b0c       0x33 build/adcextendsum.o
 .ARM.attributes
                0x00000b3f       0x21 build/startup_stm32f103xb.o
 .ARM.attributes
                0x00000b60       0x2d /home/deh/launchpad/gcc-arm-none-eabi-5_4-2016q3/bin/../lib/gcc/arm-none-eabi/5.4.1/../../../../arm-none-eabi/lib/armv7-m/libc.a(lib_a-calloc.o)
 .ARM.attributes
                0x00000b8d       0x2d /home/deh/launchpad/gcc-arm-none-eabi-5_4-2016q3/bin/../lib/gcc/arm-none-eabi/5.4.1/../../../../arm-none-eabi/lib/armv7-m/libc.a(lib_a-callocr.o)
 .ARM.attributes
                0x00000bba       0x2d /home/deh/launchpad/gcc-arm-none-eabi-5_4-2016q3/bin/../lib/gcc/arm-none-eabi/5.4.1/../../../../arm-none-eabi/lib/armv7-m/libc.a(lib_a-impure.o)
 .ARM.attributes
                0x00000be7       0x2d /home/deh/launchpad/gcc-arm-none-eabi-5_4-2016q3/bin/../lib/gcc/arm-none-eabi/5.4.1/../../../../arm-none-eabi/lib/armv7-m/libc.a(lib_a-init.o)
 .ARM.attributes
                0x00000c14       0x2d /home/deh/launchpad/gcc-arm-none-eabi-5_4-2016q3/bin/../lib/gcc/arm-none-eabi/5.4.1/../../../../arm-none-eabi/lib/armv7-m/libc.a(lib_a-mallocr.o)
 .ARM.attributes
                0x00000c41       0x1b /home/deh/launchpad/gcc-arm-none-eabi-5_4-2016q3/bin/../lib/gcc/arm-none-eabi/5.4.1/../../../../arm-none-eabi/lib/armv7-m/libc.a(lib_a-memcpy.o)
 .ARM.attributes
                0x00000c5c       0x2d /home/deh/launchpad/gcc-arm-none-eabi-5_4-2016q3/bin/../lib/gcc/arm-none-eabi/5.4.1/../../../../arm-none-eabi/lib/armv7-m/libc.a(lib_a-memset.o)
 .ARM.attributes
                0x00000c89       0x2d /home/deh/launchpad/gcc-arm-none-eabi-5_4-2016q3/bin/../lib/gcc/arm-none-eabi/5.4.1/../../../../arm-none-eabi/lib/armv7-m/libc.a(lib_a-mlock.o)
 .ARM.attributes
                0x00000cb6       0x2d /home/deh/launchpad/gcc-arm-none-eabi-5_4-2016q3/bin/../lib/gcc/arm-none-eabi/5.4.1/../../../../arm-none-eabi/lib/armv7-m/libc.a(lib_a-sbrkr.o)
 .ARM.attributes
                0x00000ce3       0x2d /home/deh/launchpad/gcc-arm-none-eabi-5_4-2016q3/bin/../lib/gcc/arm-none-eabi/5.4.1/../../../../arm-none-eabi/lib/armv7-m/libc.a(lib_a-strlen-stub.o)
 .ARM.attributes
                0x00000d10       0x2d /home/deh/launchpad/gcc-arm-none-eabi-5_4-2016q3/bin/../lib/gcc/arm-none-eabi/5.4.1/../../../../arm-none-eabi/lib/armv7-m/libc.a(lib_a-vsnprintf.o)
 .ARM.attributes
                0x00000d3d       0x2d /home/deh/launchpad/gcc-arm-none-eabi-5_4-2016q3/bin/../lib/gcc/arm-none-eabi/5.4.1/../../../../arm-none-eabi/lib/armv7-m/libc.a(lib_a-__call_atexit.o)
 .ARM.attributes
                0x00000d6a       0x2d /home/deh/launchpad/gcc-arm-none-eabi-5_4-2016q3/bin/../lib/gcc/arm-none-eabi/5.4.1/../../../../arm-none-eabi/lib/armv7-m/libc.a(lib_a-atexit.o)
 .ARM.attributes
                0x00000d97       0x2d /home/deh/launchpad/gcc-arm-none-eabi-5_4-2016q3/bin/../lib/gcc/arm-none-eabi/5.4.1/../../../../arm-none-eabi/lib/armv7-m/libc.a(lib_a-fini.o)
 .ARM.attributes
                0x00000dc4       0x2d /home/deh/launchpad/gcc-arm-none-eabi-5_4-2016q3/bin/../lib/gcc/arm-none-eabi/5.4.1/../../../../arm-none-eabi/lib/armv7-m/libc.a(lib_a-freer.o)